2026-06-15 00:21:25,274 - INFO - ======================================================================
2026-06-15 00:21:25,274 - INFO - INICIO RECOLECCIÓN ARIF SPATIAL
2026-06-15 00:21:25,274 - INFO - ======================================================================
2026-06-15 00:21:25,274 - INFO - Iniciando navegador Playwright para capturar clave dinámica...
2026-06-15 00:21:25,819 - INFO - Navegando a la página del mapa...
2026-06-15 00:21:44,489 - INFO - Marcadores detectados (85). Clic en el primer elemento...
2026-06-15 00:21:47,522 - INFO - Haciendo clic en el enlace 'Dettagli' del popup...
2026-06-15 00:21:52,578 - INFO - API Key obtenida: ef7ac29ab10f5d7...
2026-06-15 00:21:52,579 - INFO - Descargando tair_hourly               (API: T)...
2026-06-15 00:21:53,580 - INFO -   ✓ 211 registros obtenidos
2026-06-15 00:21:54,081 - INFO - Descargando rh_hourly                 (API: H)...
2026-06-15 00:21:54,661 - INFO -   ✓ 208 registros obtenidos
2026-06-15 00:21:55,162 - INFO - Descargando precip_10min_interval     (API: P)...
2026-06-15 00:21:56,603 - INFO -   ✓ 1465 registros obtenidos
2026-06-15 00:21:57,109 - INFO - Descargando precip_today_accum        (API: PC)...
2026-06-15 00:21:57,350 - WARNING -   Sin datos devueltos en la consulta.
2026-06-15 00:21:57,851 - INFO - Descargando rs_hourly                 (API: R)...
2026-06-15 00:21:58,275 - INFO -   ✓ 143 registros obtenidos
2026-06-15 00:21:58,776 - INFO - Descargando wind_speed                (API: W)...
2026-06-15 00:22:00,802 - INFO -   ✓ 2491 registros obtenidos
2026-06-15 00:22:01,312 - INFO - Descargando wdir_hourly               (API: WDV)...
2026-06-15 00:22:02,851 - INFO -   ✓ 48 registros obtenidos
2026-06-15 00:22:03,357 - INFO - Registros nuevos obtenidos: 4566
2026-06-15 00:22:03,487 - INFO - Historial cargado. Uniendo y deduplicando...
2026-06-15 00:22:03,836 - INFO - ======================================================================
2026-06-15 00:22:03,836 - INFO - PROCESO COMPLETADO
2026-06-15 00:22:03,841 - INFO - ======================================================================
