2026-06-08 16:14:45,115 - INFO - ======================================================================
2026-06-08 16:14:45,115 - INFO - INICIO RECOLECCIÓN ARIF SPATIAL
2026-06-08 16:14:45,115 - INFO - ======================================================================
2026-06-08 16:14:45,116 - INFO - Iniciando navegador Playwright para capturar clave...
2026-06-08 16:14:47,130 - INFO - Navegando a la página del mapa...
2026-06-08 16:14:51,283 - INFO - Respuesta HTTP recibida: 200
2026-06-08 16:14:51,289 - INFO - Título de la página cargada: 'Mappa Stazioni Meteo | Agrometeopuglia - ARIF PUGLIA'
2026-06-08 16:14:51,917 - INFO - [DEBUG] Captura guardada en: logs/debug_github.png
2026-06-08 16:14:51,917 - INFO - [DEBUG] Código HTML guardado en: logs/debug_github.html
2026-06-08 16:14:51,917 - INFO - Esperando que aparezcan los marcadores en el mapa...
2026-06-08 16:14:51,942 - INFO - Marcadores detectados. Realizando clic en el primer elemento...
2026-06-08 16:14:54,979 - INFO - Haciendo clic en el enlace 'Dettagli' del popup...
2026-06-08 16:15:00,035 - INFO - API Key activa establecida para descargas directas: ef7ac29ab10f5d7...
2026-06-08 16:15:00,035 - INFO - Descargando tair_hourly               (API: T)...
2026-06-08 16:15:01,017 - INFO -   ✓ 208 registros obtenidos
2026-06-08 16:15:01,519 - INFO - Descargando rh_hourly                 (API: H)...
2026-06-08 16:15:02,125 - INFO -   ✓ 205 registros obtenidos
2026-06-08 16:15:02,626 - INFO - Descargando precip_10min_interval     (API: P)...
2026-06-08 16:15:04,106 - INFO -   ✓ 1477 registros obtenidos
2026-06-08 16:15:04,612 - INFO - Descargando precip_today_accum        (API: PC)...
2026-06-08 16:15:07,177 - INFO -   ✓ 79 registros obtenidos
2026-06-08 16:15:07,678 - INFO - Descargando rs_hourly                 (API: R)...
2026-06-08 16:15:08,116 - INFO -   ✓ 135 registros obtenidos
2026-06-08 16:15:08,617 - INFO - Descargando wind_speed                (API: W)...
2026-06-08 16:15:10,678 - INFO -   ✓ 2491 registros obtenidos
2026-06-08 16:15:11,188 - INFO - Descargando wdir_hourly               (API: WDV)...
2026-06-08 16:15:12,544 - INFO -   ✓ 49 registros obtenidos
2026-06-08 16:15:13,050 - INFO - Nuevos registros obtenidos en esta corrida: 4644
2026-06-08 16:15:13,168 - INFO - Registros previos cargados: 69582
2026-06-08 16:15:13,168 - INFO - Total registros únicos consolidados: 74226
2026-06-08 16:15:13,499 - INFO - ======================================================================
2026-06-08 16:15:13,499 - INFO - RECOLECCIÓN COMPLETADA CON ÉXITO
2026-06-08 16:15:13,504 - INFO - ======================================================================
2026-06-08 23:21:11,574 - INFO - ======================================================================
2026-06-08 23:21:11,574 - INFO - INICIO RECOLECCIÓN ARIF SPATIAL
2026-06-08 23:21:11,574 - INFO - ======================================================================
2026-06-08 23:21:11,574 - INFO - Iniciando navegador Playwright para capturar clave...
2026-06-08 23:21:12,170 - INFO - Navegando a la página del mapa...
2026-06-08 23:21:25,231 - INFO - Respuesta HTTP recibida: 200
2026-06-08 23:21:25,236 - INFO - Título de la página cargada: 'Mappa Stazioni Meteo | Agrometeopuglia - ARIF PUGLIA'
2026-06-08 23:21:25,859 - INFO - [DEBUG] Captura guardada en: logs/debug_github.png
2026-06-08 23:21:25,859 - INFO - [DEBUG] Código HTML guardado en: logs/debug_github.html
2026-06-08 23:21:25,859 - INFO - Esperando que aparezcan los marcadores en el mapa...
2026-06-08 23:21:25,884 - INFO - Marcadores detectados. Realizando clic en el primer elemento...
2026-06-08 23:21:28,921 - INFO - Haciendo clic en el enlace 'Dettagli' del popup...
2026-06-08 23:21:33,980 - INFO - API Key activa establecida para descargas directas: ef7ac29ab10f5d7...
2026-06-08 23:21:33,981 - INFO - Descargando tair_hourly               (API: T)...
2026-06-08 23:21:35,251 - INFO -   ✓ 119 registros obtenidos
2026-06-08 23:21:35,752 - INFO - Descargando rh_hourly                 (API: H)...
2026-06-08 23:21:36,634 - INFO -   ✓ 120 registros obtenidos
2026-06-08 23:21:37,135 - INFO - Descargando precip_10min_interval     (API: P)...
2026-06-08 23:21:38,984 - INFO -   ✓ 803 registros obtenidos
2026-06-08 23:21:39,488 - INFO - Descargando precip_today_accum        (API: PC)...
2026-06-08 23:21:39,826 - WARNING -   Vacío
2026-06-08 23:21:40,326 - INFO - Descargando rs_hourly                 (API: R)...
2026-06-08 23:21:41,175 - INFO -   ✓ 90 registros obtenidos
2026-06-08 23:21:41,676 - INFO - Descargando wind_speed                (API: W)...
2026-06-08 23:21:43,691 - INFO -   ✓ 1439 registros obtenidos
2026-06-08 23:21:44,197 - INFO - Descargando wdir_hourly               (API: WDV)...
2026-06-08 23:21:46,057 - INFO -   ✓ 47 registros obtenidos
2026-06-08 23:21:46,561 - INFO - Nuevos registros obtenidos en esta corrida: 2618
2026-06-08 23:21:46,691 - INFO - Registros previos cargados: 74226
2026-06-08 23:21:46,691 - INFO - Total registros únicos consolidados: 76844
2026-06-08 23:21:47,014 - INFO - ======================================================================
2026-06-08 23:21:47,014 - INFO - RECOLECCIÓN COMPLETADA CON ÉXITO
2026-06-08 23:21:47,020 - INFO - ======================================================================
