2026-06-22 00:20:05,475 - INFO - ======================================================================
2026-06-22 00:20:05,475 - INFO - INICIO RECOLECCIÓN ARIF SPATIAL
2026-06-22 00:20:05,475 - INFO - ======================================================================
2026-06-22 00:20:05,475 - INFO - Iniciando navegador Playwright para capturar clave dinámica...
2026-06-22 00:20:06,081 - INFO - Navegando a la página del mapa...
2026-06-22 00:20:26,188 - INFO - Marcadores detectados (85). Clic en el primer elemento...
2026-06-22 00:20:29,220 - INFO - Haciendo clic en el enlace 'Dettagli' del popup...
2026-06-22 00:20:34,287 - INFO - API Key obtenida: ef7ac29ab10f5d7...
2026-06-22 00:20:34,287 - INFO - Descargando tair_hourly               (API: T)...
2026-06-22 00:20:35,440 - INFO -   ✓ 153 registros obtenidos
2026-06-22 00:20:35,941 - INFO - Descargando rh_hourly                 (API: H)...
2026-06-22 00:20:37,222 - INFO -   ✓ 152 registros obtenidos
2026-06-22 00:20:37,724 - INFO - Descargando precip_10min_interval     (API: P)...
2026-06-22 00:20:40,439 - INFO -   ✓ 1091 registros obtenidos
2026-06-22 00:20:40,945 - INFO - Descargando precip_today_accum        (API: PC)...
2026-06-22 00:20:41,620 - WARNING -   Sin datos devueltos en la consulta.
2026-06-22 00:20:42,121 - INFO - Descargando rs_hourly                 (API: R)...
2026-06-22 00:20:42,684 - INFO -   ✓ 128 registros obtenidos
2026-06-22 00:20:43,185 - INFO - Descargando wind_speed                (API: W)...
2026-06-22 00:20:45,308 - INFO -   ✓ 2051 registros obtenidos
2026-06-22 00:20:45,816 - INFO - Descargando wdir_hourly               (API: WDV)...
2026-06-22 00:20:47,239 - INFO -   ✓ 48 registros obtenidos
2026-06-22 00:20:47,745 - INFO - Registros nuevos obtenidos: 3623
2026-06-22 00:20:48,121 - INFO - Historial cargado. Uniendo y deduplicando...
2026-06-22 00:20:49,316 - INFO - ======================================================================
2026-06-22 00:20:49,316 - INFO - PROCESO COMPLETADO
2026-06-22 00:20:49,330 - INFO - ======================================================================
