2026-06-28 00:12:45,520 - INFO - ======================================================================
2026-06-28 00:12:45,520 - INFO - INICIO RECOLECCIÓN ARIF SPATIAL
2026-06-28 00:12:45,520 - INFO - ======================================================================
2026-06-28 00:12:45,520 - INFO - Iniciando navegador Playwright para capturar clave dinámica...
2026-06-28 00:12:47,792 - INFO - Navegando a la página del mapa...
2026-06-28 00:13:07,196 - INFO - Marcadores detectados (85). Clic en el primer elemento...
2026-06-28 00:13:10,225 - INFO - Haciendo clic en el enlace 'Dettagli' del popup...
2026-06-28 00:13:15,292 - INFO - API Key obtenida: ef7ac29ab10f5d7...
2026-06-28 00:13:15,292 - INFO - Descargando tair_hourly               (API: T)...
2026-06-28 00:13:17,120 - INFO -   ✓ 316 registros obtenidos
2026-06-28 00:13:17,622 - INFO - Descargando rh_hourly                 (API: H)...
2026-06-28 00:13:19,171 - INFO -   ✓ 316 registros obtenidos
2026-06-28 00:13:19,673 - INFO - Descargando precip_10min_interval     (API: P)...
2026-06-28 00:13:23,454 - INFO -   ✓ 1702 registros obtenidos
2026-06-28 00:13:23,961 - INFO - Descargando precip_today_accum        (API: PC)...
2026-06-28 00:13:24,575 - WARNING -   Sin datos devueltos en la consulta.
2026-06-28 00:13:25,076 - INFO - Descargando rs_hourly                 (API: R)...
2026-06-28 00:13:25,872 - INFO -   ✓ 184 registros obtenidos
2026-06-28 00:13:26,373 - INFO - Descargando wind_speed                (API: W)...
2026-06-28 00:13:31,061 - INFO -   ✓ 2760 registros obtenidos
2026-06-28 00:13:31,571 - INFO - Descargando wdir_hourly               (API: WDV)...
2026-06-28 00:13:34,977 - INFO -   ✓ 48 registros obtenidos
2026-06-28 00:13:35,483 - INFO - Registros nuevos obtenidos: 5326
2026-06-28 00:13:36,084 - INFO - Historial cargado. Uniendo y deduplicando...
2026-06-28 00:13:37,788 - INFO - ======================================================================
2026-06-28 00:13:37,788 - INFO - PROCESO COMPLETADO
2026-06-28 00:13:37,811 - INFO - ======================================================================
2026-06-28 05:42:31,092 - INFO - ======================================================================
2026-06-28 05:42:31,092 - INFO - INICIO RECOLECCIÓN ARIF SPATIAL
2026-06-28 05:42:31,092 - INFO - ======================================================================
2026-06-28 05:42:31,092 - INFO - Iniciando navegador Playwright para capturar clave dinámica...
2026-06-28 05:42:32,691 - INFO - Navegando a la página del mapa...
2026-06-28 05:42:48,274 - INFO - Marcadores detectados (85). Clic en el primer elemento...
2026-06-28 05:42:51,306 - INFO - Haciendo clic en el enlace 'Dettagli' del popup...
2026-06-28 05:42:56,368 - INFO - API Key obtenida: ef7ac29ab10f5d7...
2026-06-28 05:42:56,368 - INFO - Descargando tair_hourly               (API: T)...
2026-06-28 05:42:57,944 - INFO -   ✓ 196 registros obtenidos
2026-06-28 05:42:58,446 - INFO - Descargando rh_hourly                 (API: H)...
2026-06-28 05:42:59,190 - INFO -   ✓ 188 registros obtenidos
2026-06-28 05:42:59,692 - INFO - Descargando precip_10min_interval     (API: P)...
2026-06-28 05:43:02,184 - INFO -   ✓ 1251 registros obtenidos
2026-06-28 05:43:02,689 - INFO - Descargando precip_today_accum        (API: PC)...
2026-06-28 05:43:04,978 - INFO -   ✓ 79 registros obtenidos
2026-06-28 05:43:05,479 - INFO - Descargando rs_hourly                 (API: R)...
2026-06-28 05:43:06,229 - INFO -   ✓ 150 registros obtenidos
2026-06-28 05:43:06,731 - INFO - Descargando wind_speed                (API: W)...
2026-06-28 05:43:10,215 - INFO -   ✓ 2259 registros obtenidos
2026-06-28 05:43:10,724 - INFO - Descargando wdir_hourly               (API: WDV)...
2026-06-28 05:43:14,081 - INFO -   ✓ 48 registros obtenidos
2026-06-28 05:43:14,586 - INFO - Registros nuevos obtenidos: 4171
2026-06-28 05:43:15,176 - INFO - Historial cargado. Uniendo y deduplicando...
2026-06-28 05:43:16,988 - INFO - ======================================================================
2026-06-28 05:43:16,988 - INFO - PROCESO COMPLETADO
2026-06-28 05:43:17,012 - INFO - ======================================================================
