2026-05-21 08:04:48,718 - INFO - ======================================================================
2026-05-21 08:04:48,718 - INFO - INICIO RECOLECCIÓN ARIF SPATIAL
2026-05-21 08:04:48,718 - INFO - ======================================================================
2026-05-21 08:04:48,718 - INFO - Iniciando navegador Playwright para capturar clave...
2026-05-21 08:04:49,296 - INFO - Navegando a la página del mapa...
2026-05-21 08:04:52,695 - INFO - Respuesta HTTP recibida: 200
2026-05-21 08:04:52,703 - INFO - Título de la página cargada: 'Mappa Stazioni Meteo | Agrometeopuglia - ARIF PUGLIA'
2026-05-21 08:04:53,326 - INFO - [DEBUG] Captura guardada en: logs/debug_github.png
2026-05-21 08:04:53,327 - INFO - [DEBUG] Código HTML guardado en: logs/debug_github.html
2026-05-21 08:04:53,327 - INFO - Esperando que aparezcan los marcadores en el mapa...
2026-05-21 08:04:53,352 - INFO - Marcadores detectados. Realizando clic en el primer elemento...
2026-05-21 08:04:56,393 - INFO - Haciendo clic en el enlace 'Dettagli' del popup...
2026-05-21 08:05:01,455 - INFO - API Key activa establecida para descargas directas: ef7ac29ab10f5d7...
2026-05-21 08:05:01,456 - INFO - Descargando tair_hourly               (API: T)...
2026-05-21 08:05:02,582 - INFO -   ✓ 316 registros obtenidos
2026-05-21 08:05:03,084 - INFO - Descargando rh_hourly                 (API: H)...
2026-05-21 08:05:03,964 - INFO -   ✓ 312 registros obtenidos
2026-05-21 08:05:04,466 - INFO - Descargando precip_10min_interval     (API: P)...
2026-05-21 08:05:06,142 - INFO -   ✓ 1585 registros obtenidos
2026-05-21 08:05:06,649 - INFO - Descargando precip_today_accum        (API: PC)...
2026-05-21 08:05:08,084 - INFO -   ✓ 79 registros obtenidos
2026-05-21 08:05:08,585 - INFO - Descargando rs_hourly                 (API: R)...
2026-05-21 08:05:09,234 - INFO -   ✓ 189 registros obtenidos
2026-05-21 08:05:09,736 - INFO - Descargando wind_speed                (API: W)...
2026-05-21 08:05:11,828 - INFO -   ✓ 2559 registros obtenidos
2026-05-21 08:05:12,338 - INFO - Descargando wdir_hourly               (API: WDV)...
2026-05-21 08:05:13,706 - INFO -   ✓ 49 registros obtenidos
2026-05-21 08:05:14,212 - INFO - Nuevos registros obtenidos en esta corrida: 5089
2026-05-21 08:05:14,241 - INFO - ======================================================================
2026-05-21 08:05:14,241 - INFO - RECOLECCIÓN COMPLETADA CON ÉXITO
2026-05-21 08:05:14,242 - INFO - ======================================================================
