2026-06-04 23:20:12,218 - INFO - ======================================================================
2026-06-04 23:20:12,218 - INFO - INICIO RECOLECCIÓN ARIF SPATIAL
2026-06-04 23:20:12,218 - INFO - ======================================================================
2026-06-04 23:20:12,218 - INFO - Iniciando navegador Playwright para capturar clave...
2026-06-04 23:20:14,558 - INFO - Navegando a la página del mapa...
2026-06-04 23:20:22,338 - INFO - Respuesta HTTP recibida: 200
2026-06-04 23:20:22,342 - INFO - Título de la página cargada: 'Mappa Stazioni Meteo | Agrometeopuglia - ARIF PUGLIA'
2026-06-04 23:20:22,970 - INFO - [DEBUG] Captura guardada en: logs/debug_github.png
2026-06-04 23:20:22,970 - INFO - [DEBUG] Código HTML guardado en: logs/debug_github.html
2026-06-04 23:20:22,970 - INFO - Esperando que aparezcan los marcadores en el mapa...
2026-06-04 23:20:22,998 - INFO - Marcadores detectados. Realizando clic en el primer elemento...
2026-06-04 23:20:26,041 - INFO - Haciendo clic en el enlace 'Dettagli' del popup...
2026-06-04 23:20:31,106 - INFO - API Key activa establecida para descargas directas: ef7ac29ab10f5d7...
2026-06-04 23:20:31,107 - INFO - Descargando tair_hourly               (API: T)...
2026-06-04 23:20:32,105 - INFO -   ✓ 99 registros obtenidos
2026-06-04 23:20:32,607 - INFO - Descargando rh_hourly                 (API: H)...
2026-06-04 23:20:33,241 - INFO -   ✓ 97 registros obtenidos
2026-06-04 23:20:33,742 - INFO - Descargando precip_10min_interval     (API: P)...
2026-06-04 23:20:35,214 - INFO -   ✓ 824 registros obtenidos
2026-06-04 23:20:35,718 - INFO - Descargando precip_today_accum        (API: PC)...
2026-06-04 23:20:36,013 - WARNING -   Vacío
2026-06-04 23:20:36,513 - INFO - Descargando rs_hourly                 (API: R)...
2026-06-04 23:20:37,005 - INFO -   ✓ 52 registros obtenidos
2026-06-04 23:20:37,507 - INFO - Descargando wind_speed                (API: W)...
2026-06-04 23:20:39,280 - INFO -   ✓ 1300 registros obtenidos
2026-06-04 23:20:39,786 - INFO - Descargando wdir_hourly               (API: WDV)...
2026-06-04 23:20:40,737 - INFO -   ✓ 49 registros obtenidos
2026-06-04 23:20:41,241 - INFO - Nuevos registros obtenidos en esta corrida: 2421
2026-06-04 23:20:41,354 - INFO - Registros previos cargados: 62892
2026-06-04 23:20:41,355 - INFO - Total registros únicos consolidados: 65313
2026-06-04 23:20:41,653 - INFO - ======================================================================
2026-06-04 23:20:41,654 - INFO - RECOLECCIÓN COMPLETADA CON ÉXITO
2026-06-04 23:20:41,658 - INFO - ======================================================================
