2026-05-31 09:20:18,712 - INFO - ======================================================================
2026-05-31 09:20:18,712 - INFO - INICIO RECOLECCIÓN ARIF SPATIAL
2026-05-31 09:20:18,712 - INFO - ======================================================================
2026-05-31 09:20:18,712 - INFO - Iniciando navegador Playwright para capturar clave...
2026-05-31 09:20:19,288 - INFO - Navegando a la página del mapa...
2026-05-31 09:20:22,481 - INFO - Respuesta HTTP recibida: 200
2026-05-31 09:20:22,485 - INFO - Título de la página cargada: 'Mappa Stazioni Meteo | Agrometeopuglia - ARIF PUGLIA'
2026-05-31 09:20:23,121 - INFO - [DEBUG] Captura guardada en: logs/debug_github.png
2026-05-31 09:20:23,121 - INFO - [DEBUG] Código HTML guardado en: logs/debug_github.html
2026-05-31 09:20:23,121 - INFO - Esperando que aparezcan los marcadores en el mapa...
2026-05-31 09:20:23,146 - INFO - Marcadores detectados. Realizando clic en el primer elemento...
2026-05-31 09:20:26,184 - INFO - Haciendo clic en el enlace 'Dettagli' del popup...
2026-05-31 09:20:31,245 - INFO - API Key activa establecida para descargas directas: ef7ac29ab10f5d7...
2026-05-31 09:20:31,245 - INFO - Descargando tair_hourly               (API: T)...
2026-05-31 09:20:32,028 - INFO -   ✓ 232 registros obtenidos
2026-05-31 09:20:32,529 - INFO - Descargando rh_hourly                 (API: H)...
2026-05-31 09:20:33,075 - INFO -   ✓ 234 registros obtenidos
2026-05-31 09:20:33,577 - INFO - Descargando precip_10min_interval     (API: P)...
2026-05-31 09:20:35,107 - INFO -   ✓ 1644 registros obtenidos
2026-05-31 09:20:35,614 - INFO - Descargando precip_today_accum        (API: PC)...
2026-05-31 09:20:37,223 - INFO -   ✓ 79 registros obtenidos
2026-05-31 09:20:37,725 - INFO - Descargando rs_hourly                 (API: R)...
2026-05-31 09:20:38,120 - INFO -   ✓ 138 registros obtenidos
2026-05-31 09:20:38,621 - INFO - Descargando wind_speed                (API: W)...
2026-05-31 09:20:40,489 - INFO -   ✓ 2617 registros obtenidos
2026-05-31 09:20:40,999 - INFO - Descargando wdir_hourly               (API: WDV)...
2026-05-31 09:20:42,330 - INFO -   ✓ 48 registros obtenidos
2026-05-31 09:20:42,836 - INFO - Nuevos registros obtenidos en esta corrida: 4992
2026-05-31 09:20:42,923 - INFO - Registros previos cargados: 47560
2026-05-31 09:20:42,923 - INFO - Total registros únicos consolidados: 52552
2026-05-31 09:20:43,148 - INFO - ======================================================================
2026-05-31 09:20:43,148 - INFO - RECOLECCIÓN COMPLETADA CON ÉXITO
2026-05-31 09:20:43,151 - INFO - ======================================================================
