2026-05-25 17:15:52,034 - INFO - ======================================================================
2026-05-25 17:15:52,034 - INFO - INICIO RECOLECCIÓN ARIF SPATIAL
2026-05-25 17:15:52,034 - INFO - ======================================================================
2026-05-25 17:15:52,034 - INFO - Iniciando navegador Playwright para capturar clave...
2026-05-25 17:15:52,623 - INFO - Navegando a la página del mapa...
2026-05-25 17:15:55,399 - INFO - Respuesta HTTP recibida: 200
2026-05-25 17:15:55,408 - INFO - Título de la página cargada: 'Mappa Stazioni Meteo | Agrometeopuglia - ARIF PUGLIA'
2026-05-25 17:15:56,359 - INFO - [DEBUG] Captura guardada en: logs/debug_github.png
2026-05-25 17:15:56,359 - INFO - [DEBUG] Código HTML guardado en: logs/debug_github.html
2026-05-25 17:15:56,359 - INFO - Esperando que aparezcan los marcadores en el mapa...
2026-05-25 17:15:56,387 - INFO - Marcadores detectados. Realizando clic en el primer elemento...
2026-05-25 17:15:59,428 - INFO - Haciendo clic en el enlace 'Dettagli' del popup...
2026-05-25 17:16:04,497 - INFO - API Key activa establecida para descargas directas: ef7ac29ab10f5d7...
2026-05-25 17:16:04,497 - INFO - Descargando tair_hourly               (API: T)...
2026-05-25 17:16:05,396 - INFO -   ✓ 213 registros obtenidos
2026-05-25 17:16:05,898 - INFO - Descargando rh_hourly                 (API: H)...
2026-05-25 17:16:06,460 - INFO -   ✓ 210 registros obtenidos
2026-05-25 17:16:06,961 - INFO - Descargando precip_10min_interval     (API: P)...
2026-05-25 17:16:08,919 - INFO -   ✓ 1431 registros obtenidos
2026-05-25 17:16:09,425 - INFO - Descargando precip_today_accum        (API: PC)...
2026-05-25 17:16:12,096 - INFO -   ✓ 79 registros obtenidos
2026-05-25 17:16:12,598 - INFO - Descargando rs_hourly                 (API: R)...
2026-05-25 17:16:13,016 - INFO -   ✓ 139 registros obtenidos
2026-05-25 17:16:13,517 - INFO - Descargando wind_speed                (API: W)...
2026-05-25 17:16:15,216 - INFO -   ✓ 2340 registros obtenidos
2026-05-25 17:16:15,726 - INFO - Descargando wdir_hourly               (API: WDV)...
2026-05-25 17:16:17,013 - INFO -   ✓ 48 registros obtenidos
2026-05-25 17:16:17,518 - INFO - Nuevos registros obtenidos en esta corrida: 4460
2026-05-25 17:16:17,559 - INFO - Registros previos cargados: 21050
2026-05-25 17:16:17,559 - INFO - Total registros únicos consolidados: 25510
2026-05-25 17:16:17,679 - INFO - ======================================================================
2026-05-25 17:16:17,679 - INFO - RECOLECCIÓN COMPLETADA CON ÉXITO
2026-05-25 17:16:17,681 - INFO - ======================================================================
