2026-05-22 15:18:01,264 - INFO - ======================================================================
2026-05-22 15:18:01,264 - INFO - INICIO RECOLECCIÓN ARIF SPATIAL
2026-05-22 15:18:01,264 - INFO - ======================================================================
2026-05-22 15:18:01,264 - INFO - Iniciando navegador Playwright para capturar clave...
2026-05-22 15:18:01,887 - INFO - Navegando a la página del mapa...
2026-05-22 15:18:05,948 - INFO - Respuesta HTTP recibida: 200
2026-05-22 15:18:05,955 - INFO - Título de la página cargada: 'Mappa Stazioni Meteo | Agrometeopuglia - ARIF PUGLIA'
2026-05-22 15:18:06,580 - INFO - [DEBUG] Captura guardada en: logs/debug_github.png
2026-05-22 15:18:06,580 - INFO - [DEBUG] Código HTML guardado en: logs/debug_github.html
2026-05-22 15:18:06,580 - INFO - Esperando que aparezcan los marcadores en el mapa...
2026-05-22 15:18:06,606 - INFO - Marcadores detectados. Realizando clic en el primer elemento...
2026-05-22 15:18:09,646 - INFO - Haciendo clic en el enlace 'Dettagli' del popup...
2026-05-22 15:18:14,707 - INFO - API Key activa establecida para descargas directas: ef7ac29ab10f5d7...
2026-05-22 15:18:14,708 - INFO - Descargando tair_hourly               (API: T)...
2026-05-22 15:18:15,645 - INFO -   ✓ 236 registros obtenidos
2026-05-22 15:18:16,146 - INFO - Descargando rh_hourly                 (API: H)...
2026-05-22 15:18:16,745 - INFO -   ✓ 233 registros obtenidos
2026-05-22 15:18:17,246 - INFO - Descargando precip_10min_interval     (API: P)...
2026-05-22 15:18:18,685 - INFO -   ✓ 1479 registros obtenidos
2026-05-22 15:18:19,191 - INFO - Descargando precip_today_accum        (API: PC)...
2026-05-22 15:18:21,726 - INFO -   ✓ 79 registros obtenidos
2026-05-22 15:18:22,228 - INFO - Descargando rs_hourly                 (API: R)...
2026-05-22 15:18:22,660 - INFO -   ✓ 143 registros obtenidos
2026-05-22 15:18:23,161 - INFO - Descargando wind_speed                (API: W)...
2026-05-22 15:18:25,046 - INFO -   ✓ 2420 registros obtenidos
2026-05-22 15:18:25,556 - INFO - Descargando wdir_hourly               (API: WDV)...
2026-05-22 15:18:26,823 - INFO -   ✓ 49 registros obtenidos
2026-05-22 15:18:27,329 - INFO - Nuevos registros obtenidos en esta corrida: 4639
2026-05-22 15:18:27,361 - INFO - Registros previos cargados: 16411
2026-05-22 15:18:27,361 - INFO - Total registros únicos consolidados: 21050
2026-05-22 15:18:27,461 - INFO - ======================================================================
2026-05-22 15:18:27,461 - INFO - RECOLECCIÓN COMPLETADA CON ÉXITO
2026-05-22 15:18:27,462 - INFO - ======================================================================
