2026-05-30 22:10:16,584 - INFO - ======================================================================
2026-05-30 22:10:16,584 - INFO - INICIO RECOLECCIÓN ARIF SPATIAL
2026-05-30 22:10:16,584 - INFO - ======================================================================
2026-05-30 22:10:16,584 - INFO - Iniciando navegador Playwright para capturar clave...
2026-05-30 22:10:17,777 - INFO - Navegando a la página del mapa...
2026-05-30 22:10:21,623 - INFO - Respuesta HTTP recibida: 200
2026-05-30 22:10:21,649 - INFO - Título de la página cargada: 'Mappa Stazioni Meteo | Agrometeopuglia - ARIF PUGLIA'
2026-05-30 22:10:22,424 - INFO - [DEBUG] Captura guardada en: logs/debug_github.png
2026-05-30 22:10:22,424 - INFO - [DEBUG] Código HTML guardado en: logs/debug_github.html
2026-05-30 22:10:22,424 - INFO - Esperando que aparezcan los marcadores en el mapa...
2026-05-30 22:10:22,449 - INFO - Marcadores detectados. Realizando clic en el primer elemento...
2026-05-30 22:10:25,486 - INFO - Haciendo clic en el enlace 'Dettagli' del popup...
2026-05-30 22:10:30,538 - INFO - API Key activa establecida para descargas directas: ef7ac29ab10f5d7...
2026-05-30 22:10:30,538 - INFO - Descargando tair_hourly               (API: T)...
2026-05-30 22:10:32,098 - INFO -   ✓ 183 registros obtenidos
2026-05-30 22:10:32,599 - INFO - Descargando rh_hourly                 (API: H)...
2026-05-30 22:10:33,339 - INFO -   ✓ 181 registros obtenidos
2026-05-30 22:10:33,841 - INFO - Descargando precip_10min_interval     (API: P)...
2026-05-30 22:10:35,256 - INFO -   ✓ 917 registros obtenidos
2026-05-30 22:10:35,760 - INFO - Descargando precip_today_accum        (API: PC)...
2026-05-30 22:10:39,101 - INFO -   ✓ 79 registros obtenidos
2026-05-30 22:10:39,602 - INFO - Descargando rs_hourly                 (API: R)...
2026-05-30 22:10:40,066 - INFO -   ✓ 93 registros obtenidos
2026-05-30 22:10:40,567 - INFO - Descargando wind_speed                (API: W)...
2026-05-30 22:10:42,475 - INFO -   ✓ 1420 registros obtenidos
2026-05-30 22:10:42,981 - INFO - Descargando wdir_hourly               (API: WDV)...
2026-05-30 22:10:43,854 - INFO -   ✓ 48 registros obtenidos
2026-05-30 22:10:44,358 - INFO - Nuevos registros obtenidos en esta corrida: 2921
2026-05-30 22:10:44,438 - INFO - Registros previos cargados: 44639
2026-05-30 22:10:44,438 - INFO - Total registros únicos consolidados: 47560
2026-05-30 22:10:44,656 - INFO - ======================================================================
2026-05-30 22:10:44,656 - INFO - RECOLECCIÓN COMPLETADA CON ÉXITO
2026-05-30 22:10:44,659 - INFO - ======================================================================
