2026-06-18 04:57:40,649 - INFO - ======================================================================
2026-06-18 04:57:40,649 - INFO - INICIO RECOLECCIÓN ARIF SPATIAL
2026-06-18 04:57:40,649 - INFO - ======================================================================
2026-06-18 04:57:40,649 - INFO - Iniciando navegador Playwright para capturar clave dinámica...
2026-06-18 04:57:41,515 - INFO - Navegando a la página del mapa...
2026-06-18 04:57:55,015 - INFO - Marcadores detectados (85). Clic en el primer elemento...
2026-06-18 04:57:58,046 - INFO - Haciendo clic en el enlace 'Dettagli' del popup...
2026-06-18 04:58:03,115 - INFO - API Key obtenida: ef7ac29ab10f5d7...
2026-06-18 04:58:03,116 - INFO - Descargando tair_hourly               (API: T)...
2026-06-18 04:58:04,062 - INFO -   ✓ 249 registros obtenidos
2026-06-18 04:58:04,564 - INFO - Descargando rh_hourly                 (API: H)...
2026-06-18 04:58:05,111 - INFO -   ✓ 248 registros obtenidos
2026-06-18 04:58:05,612 - INFO - Descargando precip_10min_interval     (API: P)...
2026-06-18 04:58:07,093 - INFO -   ✓ 1380 registros obtenidos
2026-06-18 04:58:07,599 - INFO - Descargando precip_today_accum        (API: PC)...
2026-06-18 04:58:08,473 - INFO -   ✓ 79 registros obtenidos
2026-06-18 04:58:08,975 - INFO - Descargando rs_hourly                 (API: R)...
2026-06-18 04:58:09,365 - INFO -   ✓ 148 registros obtenidos
2026-06-18 04:58:09,866 - INFO - Descargando wind_speed                (API: W)...
2026-06-18 04:58:11,995 - INFO -   ✓ 2295 registros obtenidos
2026-06-18 04:58:12,505 - INFO - Descargando wdir_hourly               (API: WDV)...
2026-06-18 04:58:13,694 - INFO -   ✓ 47 registros obtenidos
2026-06-18 04:58:14,200 - INFO - Registros nuevos obtenidos: 4446
2026-06-18 04:58:14,435 - INFO - Historial cargado. Uniendo y deduplicando...
2026-06-18 04:58:15,077 - INFO - ======================================================================
2026-06-18 04:58:15,077 - INFO - PROCESO COMPLETADO
2026-06-18 04:58:15,087 - INFO - ======================================================================
