2026-05-27 08:47:27,646 - INFO - ======================================================================
2026-05-27 08:47:27,646 - INFO - INICIO RECOLECCIÓN ARIF SPATIAL
2026-05-27 08:47:27,646 - INFO - ======================================================================
2026-05-27 08:47:27,646 - INFO - Iniciando navegador Playwright para capturar clave...
2026-05-27 08:47:28,255 - INFO - Navegando a la página del mapa...
2026-05-27 08:47:34,931 - INFO - Respuesta HTTP recibida: 200
2026-05-27 08:47:34,938 - INFO - Título de la página cargada: 'Mappa Stazioni Meteo | Agrometeopuglia - ARIF PUGLIA'
2026-05-27 08:47:35,580 - INFO - [DEBUG] Captura guardada en: logs/debug_github.png
2026-05-27 08:47:35,580 - INFO - [DEBUG] Código HTML guardado en: logs/debug_github.html
2026-05-27 08:47:35,580 - INFO - Esperando que aparezcan los marcadores en el mapa...
2026-05-27 08:47:35,609 - INFO - Marcadores detectados. Realizando clic en el primer elemento...
2026-05-27 08:47:38,651 - INFO - Haciendo clic en el enlace 'Dettagli' del popup...
2026-05-27 08:47:43,717 - INFO - API Key activa establecida para descargas directas: ef7ac29ab10f5d7...
2026-05-27 08:47:43,718 - INFO - Descargando tair_hourly               (API: T)...
2026-05-27 08:47:45,206 - INFO -   ✓ 224 registros obtenidos
2026-05-27 08:47:45,708 - INFO - Descargando rh_hourly                 (API: H)...
2026-05-27 08:47:46,583 - INFO -   ✓ 218 registros obtenidos
2026-05-27 08:47:47,085 - INFO - Descargando precip_10min_interval     (API: P)...
2026-05-27 08:47:50,776 - INFO -   ✓ 1241 registros obtenidos
2026-05-27 08:47:51,281 - INFO - Descargando precip_today_accum        (API: PC)...
2026-05-27 08:47:52,887 - INFO -   ✓ 79 registros obtenidos
2026-05-27 08:47:53,389 - INFO - Descargando rs_hourly                 (API: R)...
2026-05-27 08:47:54,023 - INFO -   ✓ 147 registros obtenidos
2026-05-27 08:47:54,525 - INFO - Descargando wind_speed                (API: W)...
2026-05-27 08:47:56,564 - INFO -   ✓ 2050 registros obtenidos
2026-05-27 08:47:57,074 - INFO - Descargando wdir_hourly               (API: WDV)...
2026-05-27 08:47:58,189 - INFO -   ✓ 49 registros obtenidos
2026-05-27 08:47:58,694 - INFO - Nuevos registros obtenidos en esta corrida: 4008
2026-05-27 08:47:58,756 - INFO - Registros previos cargados: 30646
2026-05-27 08:47:58,756 - INFO - Total registros únicos consolidados: 34654
2026-05-27 08:47:58,918 - INFO - ======================================================================
2026-05-27 08:47:58,918 - INFO - RECOLECCIÓN COMPLETADA CON ÉXITO
2026-05-27 08:47:58,921 - INFO - ======================================================================
