2026-05-26 19:26:53,629 - INFO - ======================================================================
2026-05-26 19:26:53,630 - INFO - INICIO RECOLECCIÓN ARIF SPATIAL
2026-05-26 19:26:53,630 - INFO - ======================================================================
2026-05-26 19:26:53,630 - INFO - Iniciando navegador Playwright para capturar clave...
2026-05-26 19:26:55,133 - INFO - Navegando a la página del mapa...
2026-05-26 19:26:58,548 - INFO - Respuesta HTTP recibida: 200
2026-05-26 19:26:58,553 - INFO - Título de la página cargada: 'Mappa Stazioni Meteo | Agrometeopuglia - ARIF PUGLIA'
2026-05-26 19:26:59,188 - INFO - [DEBUG] Captura guardada en: logs/debug_github.png
2026-05-26 19:26:59,188 - INFO - [DEBUG] Código HTML guardado en: logs/debug_github.html
2026-05-26 19:26:59,188 - INFO - Esperando que aparezcan los marcadores en el mapa...
2026-05-26 19:26:59,214 - INFO - Marcadores detectados. Realizando clic en el primer elemento...
2026-05-26 19:27:02,252 - INFO - Haciendo clic en el enlace 'Dettagli' del popup...
2026-05-26 19:27:07,313 - INFO - API Key activa establecida para descargas directas: ef7ac29ab10f5d7...
2026-05-26 19:27:07,314 - INFO - Descargando tair_hourly               (API: T)...
2026-05-26 19:27:08,275 - INFO -   ✓ 267 registros obtenidos
2026-05-26 19:27:08,777 - INFO - Descargando rh_hourly                 (API: H)...
2026-05-26 19:27:09,384 - INFO -   ✓ 263 registros obtenidos
2026-05-26 19:27:09,886 - INFO - Descargando precip_10min_interval     (API: P)...
2026-05-26 19:27:11,424 - INFO -   ✓ 1619 registros obtenidos
2026-05-26 19:27:11,930 - INFO - Descargando precip_today_accum        (API: PC)...
2026-05-26 19:27:14,943 - INFO -   ✓ 79 registros obtenidos
2026-05-26 19:27:15,444 - INFO - Descargando rs_hourly                 (API: R)...
2026-05-26 19:27:16,003 - INFO -   ✓ 170 registros obtenidos
2026-05-26 19:27:16,505 - INFO - Descargando wind_speed                (API: W)...
2026-05-26 19:27:18,467 - INFO -   ✓ 2690 registros obtenidos
2026-05-26 19:27:18,978 - INFO - Descargando wdir_hourly               (API: WDV)...
2026-05-26 19:27:20,390 - INFO -   ✓ 48 registros obtenidos
2026-05-26 19:27:20,896 - INFO - Nuevos registros obtenidos en esta corrida: 5136
2026-05-26 19:27:20,945 - INFO - Registros previos cargados: 25510
2026-05-26 19:27:20,945 - INFO - Total registros únicos consolidados: 30646
2026-05-26 19:27:21,092 - INFO - ======================================================================
2026-05-26 19:27:21,092 - INFO - RECOLECCIÓN COMPLETADA CON ÉXITO
2026-05-26 19:27:21,095 - INFO - ======================================================================
