2026-06-20 04:37:30,718 - INFO - ======================================================================
2026-06-20 04:37:30,718 - INFO - INICIO RECOLECCIÓN ARIF SPATIAL
2026-06-20 04:37:30,718 - INFO - ======================================================================
2026-06-20 04:37:30,718 - INFO - Iniciando navegador Playwright para capturar clave dinámica...
2026-06-20 04:37:32,473 - INFO - Navegando a la página del mapa...
2026-06-20 04:37:46,577 - INFO - Marcadores detectados (85). Clic en el primer elemento...
2026-06-20 04:37:49,609 - INFO - Haciendo clic en el enlace 'Dettagli' del popup...
2026-06-20 04:37:54,659 - INFO - API Key obtenida: ef7ac29ab10f5d7...
2026-06-20 04:37:54,660 - INFO - Descargando tair_hourly               (API: T)...
2026-06-20 04:37:55,637 - INFO -   ✓ 272 registros obtenidos
2026-06-20 04:37:56,139 - INFO - Descargando rh_hourly                 (API: H)...
2026-06-20 04:37:56,763 - INFO -   ✓ 272 registros obtenidos
2026-06-20 04:37:57,265 - INFO - Descargando precip_10min_interval     (API: P)...
2026-06-20 04:37:58,857 - INFO -   ✓ 1675 registros obtenidos
2026-06-20 04:37:59,364 - INFO - Descargando precip_today_accum        (API: PC)...
2026-06-20 04:38:00,413 - INFO -   ✓ 79 registros obtenidos
2026-06-20 04:38:00,915 - INFO - Descargando rs_hourly                 (API: R)...
2026-06-20 04:38:01,352 - INFO -   ✓ 158 registros obtenidos
2026-06-20 04:38:01,854 - INFO - Descargando wind_speed                (API: W)...
2026-06-20 04:38:03,999 - INFO -   ✓ 2760 registros obtenidos
2026-06-20 04:38:04,510 - INFO - Descargando wdir_hourly               (API: WDV)...
2026-06-20 04:38:06,051 - INFO -   ✓ 49 registros obtenidos
2026-06-20 04:38:06,557 - INFO - Registros nuevos obtenidos: 5265
2026-06-20 04:38:06,867 - INFO - Historial cargado. Uniendo y deduplicando...
2026-06-20 04:38:07,777 - INFO - ======================================================================
2026-06-20 04:38:07,777 - INFO - PROCESO COMPLETADO
2026-06-20 04:38:07,789 - INFO - ======================================================================
2026-06-20 08:27:37,648 - INFO - ======================================================================
2026-06-20 08:27:37,648 - INFO - INICIO RECOLECCIÓN ARIF SPATIAL
2026-06-20 08:27:37,648 - INFO - ======================================================================
2026-06-20 08:27:37,648 - INFO - Iniciando navegador Playwright para capturar clave dinámica...
2026-06-20 08:27:39,566 - INFO - Navegando a la página del mapa...
2026-06-20 08:27:55,462 - INFO - Marcadores detectados (85). Clic en el primer elemento...
2026-06-20 08:27:58,494 - INFO - Haciendo clic en el enlace 'Dettagli' del popup...
2026-06-20 08:28:03,556 - INFO - API Key obtenida: ef7ac29ab10f5d7...
2026-06-20 08:28:03,557 - INFO - Descargando tair_hourly               (API: T)...
2026-06-20 08:28:04,797 - INFO -   ✓ 235 registros obtenidos
2026-06-20 08:28:05,299 - INFO - Descargando rh_hourly                 (API: H)...
2026-06-20 08:28:05,861 - INFO -   ✓ 236 registros obtenidos
2026-06-20 08:28:06,363 - INFO - Descargando precip_10min_interval     (API: P)...
2026-06-20 08:28:08,299 - INFO -   ✓ 1634 registros obtenidos
2026-06-20 08:28:08,805 - INFO - Descargando precip_today_accum        (API: PC)...
2026-06-20 08:28:10,511 - INFO -   ✓ 79 registros obtenidos
2026-06-20 08:28:11,012 - INFO - Descargando rs_hourly                 (API: R)...
2026-06-20 08:28:11,547 - INFO -   ✓ 144 registros obtenidos
2026-06-20 08:28:12,048 - INFO - Descargando wind_speed                (API: W)...
2026-06-20 08:28:14,448 - INFO -   ✓ 2658 registros obtenidos
2026-06-20 08:28:14,958 - INFO - Descargando wdir_hourly               (API: WDV)...
2026-06-20 08:28:16,495 - INFO -   ✓ 48 registros obtenidos
2026-06-20 08:28:17,002 - INFO - Registros nuevos obtenidos: 5034
2026-06-20 08:28:17,315 - INFO - Historial cargado. Uniendo y deduplicando...
2026-06-20 08:28:18,252 - INFO - ======================================================================
2026-06-20 08:28:18,252 - INFO - PROCESO COMPLETADO
2026-06-20 08:28:18,265 - INFO - ======================================================================
