2026-06-04 07:09:40,230 - INFO - ======================================================================
2026-06-04 07:09:40,230 - INFO - INICIO RECOLECCIÓN DIARIA INCREMENTAL (ARIF)
2026-06-04 07:09:40,230 - INFO - ======================================================================
2026-06-04 07:09:40,230 - INFO - Iniciando navegador Playwright para capturar clave...
2026-06-04 07:09:40,875 - INFO - Navegando a la página del mapa...
2026-06-04 07:09:45,823 - INFO - Respuesta HTTP recibida: 200
2026-06-04 07:09:45,828 - INFO - Título de la página cargada: 'Mappa Stazioni Meteo | Agrometeopuglia - ARIF PUGLIA'
2026-06-04 07:09:46,461 - INFO - [DEBUG] Captura guardada en: logs/debug_github.png
2026-06-04 07:09:46,461 - INFO - [DEBUG] Código HTML guardado en: logs/debug_github.html
2026-06-04 07:09:46,461 - INFO - Esperando que aparezcan los marcadores en el mapa...
2026-06-04 07:09:46,485 - INFO - Marcadores detectados. Realizando clic en el primer elemento...
2026-06-04 07:09:49,521 - INFO - Haciendo clic en el enlace 'Dettagli' del popup...
2026-06-04 07:09:54,576 - INFO - API Key activa establecida para descargas directas: ef7ac29ab10f5d7...
2026-06-04 07:09:54,576 - INFO - Descargando variable diaria: tair_min_daily       (API: TDL)...
2026-06-04 07:09:55,403 - INFO -   ✓ 79 registros obtenidos
2026-06-04 07:09:55,904 - INFO - Descargando variable diaria: tair_mean_daily      (API: TDA)...
2026-06-04 07:09:56,363 - INFO -   ✓ 79 registros obtenidos
2026-06-04 07:09:56,864 - INFO - Descargando variable diaria: tair_max_daily       (API: TDH)...
2026-06-04 07:09:57,318 - INFO -   ✓ 79 registros obtenidos
2026-06-04 07:09:57,819 - INFO - Descargando variable diaria: rh_min_daily         (API: HDL)...
2026-06-04 07:09:58,271 - INFO -   ✓ 80 registros obtenidos
2026-06-04 07:09:58,772 - INFO - Descargando variable diaria: rh_mean_daily        (API: HDA)...
2026-06-04 07:09:59,546 - INFO -   ✓ 78 registros obtenidos
2026-06-04 07:10:00,047 - INFO - Descargando variable diaria: rh_max_daily         (API: HDH)...
2026-06-04 07:10:00,566 - INFO -   ✓ 80 registros obtenidos
2026-06-04 07:10:01,067 - INFO - Descargando variable diaria: precip_sum_daily     (API: P)...
2026-06-04 07:10:02,075 - INFO -   ✓ 79 registros obtenidos
2026-06-04 07:10:02,577 - INFO - Descargando variable diaria: rs_sum_daily         (API: R)...
2026-06-04 07:10:03,059 - INFO -   ✓ 46 registros obtenidos
2026-06-04 07:10:03,560 - INFO - Descargando variable diaria: ws_mean_daily        (API: WDA)...
2026-06-04 07:10:04,544 - INFO -   ✓ 127 registros obtenidos
2026-06-04 07:10:05,045 - INFO - Descargando variable diaria: ws_max_daily         (API: WDH)...
2026-06-04 07:10:05,666 - INFO -   ✓ 126 registros obtenidos
2026-06-04 07:10:06,170 - INFO - Nuevos registros válidos obtenidos de ayer: 853
2026-06-04 07:10:06,179 - INFO - ======================================================================
2026-06-04 07:10:06,179 - INFO - RECOLECCIÓN DIARIA FINALIZADA CON ÉXITO
2026-06-04 07:10:06,179 - INFO - ======================================================================
