2026-06-21 00:18:56,315 - INFO - ======================================================================
2026-06-21 00:18:56,315 - INFO - INICIO RECOLECCIÓN ARIF SPATIAL
2026-06-21 00:18:56,315 - INFO - ======================================================================
2026-06-21 00:18:56,315 - INFO - Iniciando navegador Playwright para capturar clave dinámica...
2026-06-21 00:18:56,852 - INFO - Navegando a la página del mapa...
2026-06-21 00:19:16,711 - INFO - Marcadores detectados (85). Clic en el primer elemento...
2026-06-21 00:19:19,741 - INFO - Haciendo clic en el enlace 'Dettagli' del popup...
2026-06-21 00:19:24,803 - INFO - API Key obtenida: ef7ac29ab10f5d7...
2026-06-21 00:19:24,804 - INFO - Descargando tair_hourly               (API: T)...
2026-06-21 00:19:26,125 - INFO -   ✓ 222 registros obtenidos
2026-06-21 00:19:26,626 - INFO - Descargando rh_hourly                 (API: H)...
2026-06-21 00:19:27,390 - INFO -   ✓ 222 registros obtenidos
2026-06-21 00:19:27,892 - INFO - Descargando precip_10min_interval     (API: P)...
2026-06-21 00:19:29,658 - INFO -   ✓ 1557 registros obtenidos
2026-06-21 00:19:30,164 - INFO - Descargando precip_today_accum        (API: PC)...
2026-06-21 00:19:30,567 - WARNING -   Sin datos devueltos en la consulta.
2026-06-21 00:19:31,068 - INFO - Descargando rs_hourly                 (API: R)...
2026-06-21 00:19:32,137 - INFO -   ✓ 123 registros obtenidos
2026-06-21 00:19:32,638 - INFO - Descargando wind_speed                (API: W)...
2026-06-21 00:19:35,129 - INFO -   ✓ 2468 registros obtenidos
2026-06-21 00:19:35,639 - INFO - Descargando wdir_hourly               (API: WDV)...
2026-06-21 00:19:37,307 - INFO -   ✓ 48 registros obtenidos
2026-06-21 00:19:37,813 - INFO - Registros nuevos obtenidos: 4640
2026-06-21 00:19:38,135 - INFO - Historial cargado. Uniendo y deduplicando...
2026-06-21 00:19:39,099 - INFO - ======================================================================
2026-06-21 00:19:39,099 - INFO - PROCESO COMPLETADO
2026-06-21 00:19:39,113 - INFO - ======================================================================
