2026-06-27 04:13:00,597 - INFO - ======================================================================
2026-06-27 04:13:00,597 - INFO - INICIO RECOLECCIÓN ARIF SPATIAL
2026-06-27 04:13:00,597 - INFO - ======================================================================
2026-06-27 04:13:00,598 - INFO - Iniciando navegador Playwright para capturar clave dinámica...
2026-06-27 04:13:01,172 - INFO - Navegando a la página del mapa...
2026-06-27 04:13:15,977 - INFO - Marcadores detectados (85). Clic en el primer elemento...
2026-06-27 04:13:19,008 - INFO - Haciendo clic en el enlace 'Dettagli' del popup...
2026-06-27 04:13:24,072 - INFO - API Key obtenida: ef7ac29ab10f5d7...
2026-06-27 04:13:24,072 - INFO - Descargando tair_hourly               (API: T)...
2026-06-27 04:13:25,583 - INFO -   ✓ 260 registros obtenidos
2026-06-27 04:13:26,085 - INFO - Descargando rh_hourly                 (API: H)...
2026-06-27 04:13:27,087 - INFO -   ✓ 261 registros obtenidos
2026-06-27 04:13:27,589 - INFO - Descargando precip_10min_interval     (API: P)...
2026-06-27 04:13:30,468 - INFO -   ✓ 1306 registros obtenidos
2026-06-27 04:13:30,973 - INFO - Descargando precip_today_accum        (API: PC)...
2026-06-27 04:13:32,605 - INFO -   ✓ 77 registros obtenidos
2026-06-27 04:13:33,106 - INFO - Descargando rs_hourly                 (API: R)...
2026-06-27 04:13:33,827 - INFO -   ✓ 136 registros obtenidos
2026-06-27 04:13:34,328 - INFO - Descargando wind_speed                (API: W)...
2026-06-27 04:13:38,272 - INFO -   ✓ 2079 registros obtenidos
2026-06-27 04:13:38,781 - INFO - Descargando wdir_hourly               (API: WDV)...
2026-06-27 04:13:41,331 - INFO -   ✓ 47 registros obtenidos
2026-06-27 04:13:41,838 - INFO - Registros nuevos obtenidos: 4166
2026-06-27 04:13:42,393 - INFO - Historial cargado. Uniendo y deduplicando...
2026-06-27 04:13:44,060 - INFO - ======================================================================
2026-06-27 04:13:44,061 - INFO - PROCESO COMPLETADO
2026-06-27 04:13:44,083 - INFO - ======================================================================
2026-06-27 08:03:16,420 - INFO - ======================================================================
2026-06-27 08:03:16,420 - INFO - INICIO RECOLECCIÓN ARIF SPATIAL
2026-06-27 08:03:16,420 - INFO - ======================================================================
2026-06-27 08:03:16,420 - INFO - Iniciando navegador Playwright para capturar clave dinámica...
2026-06-27 08:03:18,164 - INFO - Navegando a la página del mapa...
2026-06-27 08:03:34,327 - INFO - Marcadores detectados (85). Clic en el primer elemento...
2026-06-27 08:03:37,360 - INFO - Haciendo clic en el enlace 'Dettagli' del popup...
2026-06-27 08:03:42,424 - INFO - API Key obtenida: ef7ac29ab10f5d7...
2026-06-27 08:03:42,425 - INFO - Descargando tair_hourly               (API: T)...
2026-06-27 08:03:44,004 - INFO -   ✓ 223 registros obtenidos
2026-06-27 08:03:44,506 - INFO - Descargando rh_hourly                 (API: H)...
2026-06-27 08:03:45,423 - INFO -   ✓ 224 registros obtenidos
2026-06-27 08:03:45,924 - INFO - Descargando precip_10min_interval     (API: P)...
2026-06-27 08:03:48,125 - INFO -   ✓ 1148 registros obtenidos
2026-06-27 08:03:48,630 - INFO - Descargando precip_today_accum        (API: PC)...
2026-06-27 08:03:51,383 - INFO -   ✓ 77 registros obtenidos
2026-06-27 08:03:51,884 - INFO - Descargando rs_hourly                 (API: R)...
2026-06-27 08:03:52,548 - INFO -   ✓ 102 registros obtenidos
2026-06-27 08:03:53,049 - INFO - Descargando wind_speed                (API: W)...
2026-06-27 08:03:55,786 - INFO -   ✓ 1760 registros obtenidos
2026-06-27 08:03:56,293 - INFO - Descargando wdir_hourly               (API: WDV)...
2026-06-27 08:03:58,200 - INFO -   ✓ 47 registros obtenidos
2026-06-27 08:03:58,705 - INFO - Registros nuevos obtenidos: 3581
2026-06-27 08:03:59,268 - INFO - Historial cargado. Uniendo y deduplicando...
2026-06-27 08:04:00,942 - INFO - ======================================================================
2026-06-27 08:04:00,942 - INFO - PROCESO COMPLETADO
2026-06-27 08:04:00,964 - INFO - ======================================================================
2026-06-27 10:20:36,122 - INFO - ======================================================================
2026-06-27 10:20:36,123 - INFO - INICIO RECOLECCIÓN ARIF SPATIAL
2026-06-27 10:20:36,123 - INFO - ======================================================================
2026-06-27 10:20:36,123 - INFO - Iniciando navegador Playwright para capturar clave dinámica...
2026-06-27 10:20:37,949 - INFO - Navegando a la página del mapa...
2026-06-27 10:20:51,825 - INFO - Marcadores detectados (85). Clic en el primer elemento...
2026-06-27 10:20:54,856 - INFO - Haciendo clic en el enlace 'Dettagli' del popup...
2026-06-27 10:20:59,915 - INFO - API Key obtenida: ef7ac29ab10f5d7...
2026-06-27 10:20:59,915 - INFO - Descargando tair_hourly               (API: T)...
2026-06-27 10:21:01,060 - INFO -   ✓ 231 registros obtenidos
2026-06-27 10:21:01,562 - INFO - Descargando rh_hourly                 (API: H)...
2026-06-27 10:21:02,363 - INFO -   ✓ 231 registros obtenidos
2026-06-27 10:21:02,865 - INFO - Descargando precip_10min_interval     (API: P)...
2026-06-27 10:21:05,338 - INFO -   ✓ 1667 registros obtenidos
2026-06-27 10:21:05,845 - INFO - Descargando precip_today_accum        (API: PC)...
2026-06-27 10:21:10,022 - INFO -   ✓ 78 registros obtenidos
2026-06-27 10:21:10,524 - INFO - Descargando rs_hourly                 (API: R)...
2026-06-27 10:21:11,126 - INFO -   ✓ 140 registros obtenidos
2026-06-27 10:21:11,628 - INFO - Descargando wind_speed                (API: W)...
2026-06-27 10:21:15,064 - INFO -   ✓ 2717 registros obtenidos
2026-06-27 10:21:15,574 - INFO - Descargando wdir_hourly               (API: WDV)...
2026-06-27 10:21:18,547 - INFO -   ✓ 48 registros obtenidos
2026-06-27 10:21:19,053 - INFO - Registros nuevos obtenidos: 5112
2026-06-27 10:21:19,610 - INFO - Historial cargado. Uniendo y deduplicando...
2026-06-27 10:21:21,243 - INFO - ======================================================================
2026-06-27 10:21:21,243 - INFO - PROCESO COMPLETADO
2026-06-27 10:21:21,266 - INFO - ======================================================================
2026-06-27 12:15:27,575 - INFO - ======================================================================
2026-06-27 12:15:27,575 - INFO - INICIO RECOLECCIÓN ARIF SPATIAL
2026-06-27 12:15:27,575 - INFO - ======================================================================
2026-06-27 12:15:27,575 - INFO - Iniciando navegador Playwright para capturar clave dinámica...
2026-06-27 12:15:29,078 - INFO - Navegando a la página del mapa...
2026-06-27 12:15:43,122 - INFO - Marcadores detectados (85). Clic en el primer elemento...
2026-06-27 12:15:46,154 - INFO - Haciendo clic en el enlace 'Dettagli' del popup...
2026-06-27 12:15:51,218 - INFO - API Key obtenida: ef7ac29ab10f5d7...
2026-06-27 12:15:51,219 - INFO - Descargando tair_hourly               (API: T)...
2026-06-27 12:15:52,436 - INFO -   ✓ 237 registros obtenidos
2026-06-27 12:15:52,938 - INFO - Descargando rh_hourly                 (API: H)...
2026-06-27 12:15:53,795 - INFO -   ✓ 237 registros obtenidos
2026-06-27 12:15:54,297 - INFO - Descargando precip_10min_interval     (API: P)...
2026-06-27 12:15:57,009 - INFO -   ✓ 1706 registros obtenidos
2026-06-27 12:15:57,516 - INFO - Descargando precip_today_accum        (API: PC)...
2026-06-27 12:16:02,293 - INFO -   ✓ 78 registros obtenidos
2026-06-27 12:16:02,795 - INFO - Descargando rs_hourly                 (API: R)...
2026-06-27 12:16:03,367 - INFO -   ✓ 141 registros obtenidos
2026-06-27 12:16:03,868 - INFO - Descargando wind_speed                (API: W)...
2026-06-27 12:16:07,847 - INFO -   ✓ 2799 registros obtenidos
2026-06-27 12:16:08,358 - INFO - Descargando wdir_hourly               (API: WDV)...
2026-06-27 12:16:11,500 - INFO -   ✓ 48 registros obtenidos
2026-06-27 12:16:12,007 - INFO - Registros nuevos obtenidos: 5246
2026-06-27 12:16:12,586 - INFO - Historial cargado. Uniendo y deduplicando...
2026-06-27 12:16:14,285 - INFO - ======================================================================
2026-06-27 12:16:14,285 - INFO - PROCESO COMPLETADO
2026-06-27 12:16:14,307 - INFO - ======================================================================
