2026-06-23 04:17:10,055 - INFO - ======================================================================
2026-06-23 04:17:10,055 - INFO - INICIO RECOLECCIÓN ARIF SPATIAL
2026-06-23 04:17:10,055 - INFO - ======================================================================
2026-06-23 04:17:10,055 - INFO - Iniciando navegador Playwright para capturar clave dinámica...
2026-06-23 04:17:10,751 - INFO - Navegando a la página del mapa...
2026-06-23 04:17:25,867 - INFO - Marcadores detectados (85). Clic en el primer elemento...
2026-06-23 04:17:28,892 - INFO - Haciendo clic en el enlace 'Dettagli' del popup...
2026-06-23 04:17:33,940 - INFO - API Key obtenida: ef7ac29ab10f5d7...
2026-06-23 04:17:33,941 - INFO - Descargando tair_hourly               (API: T)...
2026-06-23 04:17:35,636 - INFO -   ✓ 216 registros obtenidos
2026-06-23 04:17:36,138 - INFO - Descargando rh_hourly                 (API: H)...
2026-06-23 04:17:37,059 - INFO -   ✓ 216 registros obtenidos
2026-06-23 04:17:37,561 - INFO - Descargando precip_10min_interval     (API: P)...
2026-06-23 04:17:40,084 - INFO -   ✓ 1450 registros obtenidos
2026-06-23 04:17:40,589 - INFO - Descargando precip_today_accum        (API: PC)...
2026-06-23 04:17:41,465 - INFO -   ✓ 79 registros obtenidos
2026-06-23 04:17:41,966 - INFO - Descargando rs_hourly                 (API: R)...
2026-06-23 04:17:42,668 - INFO -   ✓ 137 registros obtenidos
2026-06-23 04:17:43,169 - INFO - Descargando wind_speed                (API: W)...
2026-06-23 04:17:47,177 - INFO -   ✓ 2464 registros obtenidos
2026-06-23 04:17:47,685 - INFO - Descargando wdir_hourly               (API: WDV)...
2026-06-23 04:17:50,910 - INFO -   ✓ 49 registros obtenidos
2026-06-23 04:17:51,416 - INFO - Registros nuevos obtenidos: 4611
2026-06-23 04:17:51,731 - INFO - Historial cargado. Uniendo y deduplicando...
2026-06-23 04:17:52,781 - INFO - ======================================================================
2026-06-23 04:17:52,781 - INFO - PROCESO COMPLETADO
2026-06-23 04:17:52,794 - INFO - ======================================================================
