2026-06-02 15:04:33,492 - INFO - ======================================================================
2026-06-02 15:04:33,492 - INFO - INICIO RECOLECCIÓN ARIF SPATIAL
2026-06-02 15:04:33,492 - INFO - ======================================================================
2026-06-02 15:04:33,492 - INFO - Iniciando navegador Playwright para capturar clave...
2026-06-02 15:04:34,093 - INFO - Navegando a la página del mapa...
2026-06-02 15:04:37,473 - INFO - Respuesta HTTP recibida: 200
2026-06-02 15:04:37,478 - INFO - Título de la página cargada: 'Mappa Stazioni Meteo | Agrometeopuglia - ARIF PUGLIA'
2026-06-02 15:04:38,111 - INFO - [DEBUG] Captura guardada en: logs/debug_github.png
2026-06-02 15:04:38,111 - INFO - [DEBUG] Código HTML guardado en: logs/debug_github.html
2026-06-02 15:04:38,111 - INFO - Esperando que aparezcan los marcadores en el mapa...
2026-06-02 15:04:38,136 - INFO - Marcadores detectados. Realizando clic en el primer elemento...
2026-06-02 15:04:41,178 - INFO - Haciendo clic en el enlace 'Dettagli' del popup...
2026-06-02 15:04:46,240 - INFO - API Key activa establecida para descargas directas: ef7ac29ab10f5d7...
2026-06-02 15:04:46,240 - INFO - Descargando tair_hourly               (API: T)...
2026-06-02 15:04:47,141 - INFO -   ✓ 293 registros obtenidos
2026-06-02 15:04:47,643 - INFO - Descargando rh_hourly                 (API: H)...
2026-06-02 15:04:48,236 - INFO -   ✓ 291 registros obtenidos
2026-06-02 15:04:48,738 - INFO - Descargando precip_10min_interval     (API: P)...
2026-06-02 15:04:50,397 - INFO -   ✓ 1653 registros obtenidos
2026-06-02 15:04:50,904 - INFO - Descargando precip_today_accum        (API: PC)...
2026-06-02 15:04:53,346 - INFO -   ✓ 79 registros obtenidos
2026-06-02 15:04:53,847 - INFO - Descargando rs_hourly                 (API: R)...
2026-06-02 15:04:54,393 - INFO -   ✓ 188 registros obtenidos
2026-06-02 15:04:54,895 - INFO - Descargando wind_speed                (API: W)...
2026-06-02 15:04:56,938 - INFO -   ✓ 2767 registros obtenidos
2026-06-02 15:04:57,449 - INFO - Descargando wdir_hourly               (API: WDV)...
2026-06-02 15:04:58,893 - INFO -   ✓ 48 registros obtenidos
2026-06-02 15:04:59,399 - INFO - Nuevos registros obtenidos en esta corrida: 5319
2026-06-02 15:04:59,506 - INFO - Registros previos cargados: 57573
2026-06-02 15:04:59,506 - INFO - Total registros únicos consolidados: 62892
2026-06-02 15:04:59,778 - INFO - ======================================================================
2026-06-02 15:04:59,778 - INFO - RECOLECCIÓN COMPLETADA CON ÉXITO
2026-06-02 15:04:59,782 - INFO - ======================================================================
