2026-06-16 05:26:33,542 - INFO - ======================================================================
2026-06-16 05:26:33,542 - INFO - INICIO RECOLECCIÓN ARIF SPATIAL
2026-06-16 05:26:33,542 - INFO - ======================================================================
2026-06-16 05:26:33,542 - INFO - Iniciando navegador Playwright para capturar clave dinámica...
2026-06-16 05:26:35,622 - INFO - Navegando a la página del mapa...
2026-06-16 05:26:49,527 - INFO - Marcadores detectados (85). Clic en el primer elemento...
2026-06-16 05:26:52,557 - INFO - Haciendo clic en el enlace 'Dettagli' del popup...
2026-06-16 05:26:57,621 - INFO - API Key obtenida: ef7ac29ab10f5d7...
2026-06-16 05:26:57,621 - INFO - Descargando tair_hourly               (API: T)...
2026-06-16 05:26:58,581 - INFO -   ✓ 237 registros obtenidos
2026-06-16 05:26:59,082 - INFO - Descargando rh_hourly                 (API: H)...
2026-06-16 05:26:59,712 - INFO -   ✓ 237 registros obtenidos
2026-06-16 05:27:00,214 - INFO - Descargando precip_10min_interval     (API: P)...
2026-06-16 05:27:01,823 - INFO -   ✓ 1668 registros obtenidos
2026-06-16 05:27:02,330 - INFO - Descargando precip_today_accum        (API: PC)...
2026-06-16 05:27:03,500 - INFO -   ✓ 80 registros obtenidos
2026-06-16 05:27:04,001 - INFO - Descargando rs_hourly                 (API: R)...
2026-06-16 05:27:04,481 - INFO -   ✓ 134 registros obtenidos
2026-06-16 05:27:04,983 - INFO - Descargando wind_speed                (API: W)...
2026-06-16 05:27:07,105 - INFO -   ✓ 2670 registros obtenidos
2026-06-16 05:27:07,615 - INFO - Descargando wdir_hourly               (API: WDV)...
2026-06-16 05:27:09,070 - INFO -   ✓ 48 registros obtenidos
2026-06-16 05:27:09,576 - INFO - Registros nuevos obtenidos: 5074
2026-06-16 05:27:09,742 - INFO - Historial cargado. Uniendo y deduplicando...
2026-06-16 05:27:10,225 - INFO - ======================================================================
2026-06-16 05:27:10,225 - INFO - PROCESO COMPLETADO
2026-06-16 05:27:10,232 - INFO - ======================================================================
2026-06-16 11:31:20,907 - INFO - ======================================================================
2026-06-16 11:31:20,907 - INFO - INICIO RECOLECCIÓN ARIF SPATIAL
2026-06-16 11:31:20,907 - INFO - ======================================================================
2026-06-16 11:31:20,907 - INFO - Iniciando navegador Playwright para capturar clave dinámica...
2026-06-16 11:31:22,198 - INFO - Navegando a la página del mapa...
2026-06-16 11:31:38,077 - INFO - Marcadores detectados (85). Clic en el primer elemento...
2026-06-16 11:31:41,103 - INFO - Haciendo clic en el enlace 'Dettagli' del popup...
2026-06-16 11:31:46,157 - INFO - API Key obtenida: ef7ac29ab10f5d7...
2026-06-16 11:31:46,158 - INFO - Descargando tair_hourly               (API: T)...
2026-06-16 11:31:47,452 - INFO -   ✓ 273 registros obtenidos
2026-06-16 11:31:47,954 - INFO - Descargando rh_hourly                 (API: H)...
2026-06-16 11:31:48,793 - INFO -   ✓ 275 registros obtenidos
2026-06-16 11:31:49,294 - INFO - Descargando precip_10min_interval     (API: P)...
2026-06-16 11:31:51,339 - INFO -   ✓ 1682 registros obtenidos
2026-06-16 11:31:51,844 - INFO - Descargando precip_today_accum        (API: PC)...
2026-06-16 11:31:54,148 - INFO -   ✓ 80 registros obtenidos
2026-06-16 11:31:54,649 - INFO - Descargando rs_hourly                 (API: R)...
2026-06-16 11:31:55,196 - INFO -   ✓ 151 registros obtenidos
2026-06-16 11:31:55,697 - INFO - Descargando wind_speed                (API: W)...
2026-06-16 11:31:58,455 - INFO -   ✓ 2678 registros obtenidos
2026-06-16 11:31:58,963 - INFO - Descargando wdir_hourly               (API: WDV)...
2026-06-16 11:32:00,502 - INFO -   ✓ 48 registros obtenidos
2026-06-16 11:32:01,007 - INFO - Registros nuevos obtenidos: 5187
2026-06-16 11:32:01,146 - INFO - Historial cargado. Uniendo y deduplicando...
2026-06-16 11:32:01,512 - INFO - ======================================================================
2026-06-16 11:32:01,512 - INFO - PROCESO COMPLETADO
2026-06-16 11:32:01,518 - INFO - ======================================================================
2026-06-16 17:18:36,581 - INFO - ======================================================================
2026-06-16 17:18:36,581 - INFO - INICIO RECOLECCIÓN ARIF SPATIAL
2026-06-16 17:18:36,581 - INFO - ======================================================================
2026-06-16 17:18:36,581 - INFO - Iniciando navegador Playwright para capturar clave dinámica...
2026-06-16 17:18:38,575 - INFO - Navegando a la página del mapa...
2026-06-16 17:18:53,551 - INFO - Marcadores detectados (85). Clic en el primer elemento...
2026-06-16 17:18:56,585 - INFO - Haciendo clic en el enlace 'Dettagli' del popup...
2026-06-16 17:19:01,641 - INFO - API Key obtenida: ef7ac29ab10f5d7...
2026-06-16 17:19:01,642 - INFO - Descargando tair_hourly               (API: T)...
2026-06-16 17:19:03,046 - INFO -   ✓ 219 registros obtenidos
2026-06-16 17:19:03,548 - INFO - Descargando rh_hourly                 (API: H)...
2026-06-16 17:19:04,131 - INFO -   ✓ 222 registros obtenidos
2026-06-16 17:19:04,633 - INFO - Descargando precip_10min_interval     (API: P)...
2026-06-16 17:19:06,608 - INFO -   ✓ 1579 registros obtenidos
2026-06-16 17:19:07,115 - INFO - Descargando precip_today_accum        (API: PC)...
2026-06-16 17:19:10,866 - INFO -   ✓ 80 registros obtenidos
2026-06-16 17:19:11,367 - INFO - Descargando rs_hourly                 (API: R)...
2026-06-16 17:19:11,901 - INFO -   ✓ 132 registros obtenidos
2026-06-16 17:19:12,402 - INFO - Descargando wind_speed                (API: W)...
2026-06-16 17:19:14,743 - INFO -   ✓ 2634 registros obtenidos
2026-06-16 17:19:15,254 - INFO - Descargando wdir_hourly               (API: WDV)...
2026-06-16 17:19:16,742 - INFO -   ✓ 49 registros obtenidos
2026-06-16 17:19:17,248 - INFO - Registros nuevos obtenidos: 4915
2026-06-16 17:19:17,433 - INFO - Historial cargado. Uniendo y deduplicando...
2026-06-16 17:19:17,938 - INFO - ======================================================================
2026-06-16 17:19:17,938 - INFO - PROCESO COMPLETADO
2026-06-16 17:19:17,946 - INFO - ======================================================================
2026-06-16 21:19:40,518 - INFO - ======================================================================
2026-06-16 21:19:40,518 - INFO - INICIO RECOLECCIÓN ARIF SPATIAL
2026-06-16 21:19:40,518 - INFO - ======================================================================
2026-06-16 21:19:40,518 - INFO - Iniciando navegador Playwright para capturar clave dinámica...
2026-06-16 21:19:41,817 - INFO - Navegando a la página del mapa...
2026-06-16 21:20:04,599 - INFO - Marcadores detectados (85). Clic en el primer elemento...
2026-06-16 21:20:07,630 - INFO - Haciendo clic en el enlace 'Dettagli' del popup...
2026-06-16 21:20:12,690 - INFO - API Key obtenida: ef7ac29ab10f5d7...
2026-06-16 21:20:12,691 - INFO - Descargando tair_hourly               (API: T)...
2026-06-16 21:20:13,677 - INFO -   ✓ 247 registros obtenidos
2026-06-16 21:20:14,179 - INFO - Descargando rh_hourly                 (API: H)...
2026-06-16 21:20:14,807 - INFO -   ✓ 245 registros obtenidos
2026-06-16 21:20:15,309 - INFO - Descargando precip_10min_interval     (API: P)...
2026-06-16 21:20:16,858 - INFO -   ✓ 1678 registros obtenidos
2026-06-16 21:20:17,365 - INFO - Descargando precip_today_accum        (API: PC)...
2026-06-16 21:20:22,987 - INFO -   ✓ 80 registros obtenidos
2026-06-16 21:20:23,488 - INFO - Descargando rs_hourly                 (API: R)...
2026-06-16 21:20:24,057 - INFO -   ✓ 150 registros obtenidos
2026-06-16 21:20:24,559 - INFO - Descargando wind_speed                (API: W)...
2026-06-16 21:20:26,742 - INFO -   ✓ 2738 registros obtenidos
2026-06-16 21:20:27,252 - INFO - Descargando wdir_hourly               (API: WDV)...
2026-06-16 21:20:28,683 - INFO -   ✓ 49 registros obtenidos
2026-06-16 21:20:29,189 - INFO - Registros nuevos obtenidos: 5187
2026-06-16 21:20:29,380 - INFO - Historial cargado. Uniendo y deduplicando...
2026-06-16 21:20:29,897 - INFO - ======================================================================
2026-06-16 21:20:29,897 - INFO - PROCESO COMPLETADO
2026-06-16 21:20:29,905 - INFO - ======================================================================
2026-06-16 23:44:59,048 - INFO - ======================================================================
2026-06-16 23:44:59,048 - INFO - INICIO RECOLECCIÓN ARIF SPATIAL
2026-06-16 23:44:59,048 - INFO - ======================================================================
2026-06-16 23:44:59,048 - INFO - Iniciando navegador Playwright para capturar clave dinámica...
2026-06-16 23:44:59,658 - INFO - Navegando a la página del mapa...
2026-06-16 23:45:20,940 - INFO - Marcadores detectados (85). Clic en el primer elemento...
2026-06-16 23:45:23,969 - INFO - Haciendo clic en el enlace 'Dettagli' del popup...
2026-06-16 23:45:29,028 - INFO - API Key obtenida: ef7ac29ab10f5d7...
2026-06-16 23:45:29,028 - INFO - Descargando tair_hourly               (API: T)...
2026-06-16 23:45:30,565 - INFO -   ✓ 185 registros obtenidos
2026-06-16 23:45:31,067 - INFO - Descargando rh_hourly                 (API: H)...
2026-06-16 23:45:31,831 - INFO -   ✓ 186 registros obtenidos
2026-06-16 23:45:32,333 - INFO - Descargando precip_10min_interval     (API: P)...
2026-06-16 23:45:33,841 - INFO -   ✓ 979 registros obtenidos
2026-06-16 23:45:34,345 - INFO - Descargando precip_today_accum        (API: PC)...
2026-06-16 23:45:34,750 - WARNING -   Sin datos devueltos en la consulta.
2026-06-16 23:45:35,251 - INFO - Descargando rs_hourly                 (API: R)...
2026-06-16 23:45:35,843 - INFO -   ✓ 90 registros obtenidos
2026-06-16 23:45:36,344 - INFO - Descargando wind_speed                (API: W)...
2026-06-16 23:45:37,973 - INFO -   ✓ 1469 registros obtenidos
2026-06-16 23:45:38,479 - INFO - Descargando wdir_hourly               (API: WDV)...
2026-06-16 23:45:39,675 - INFO -   ✓ 48 registros obtenidos
2026-06-16 23:45:40,179 - INFO - Registros nuevos obtenidos: 2957
2026-06-16 23:45:40,361 - INFO - Historial cargado. Uniendo y deduplicando...
2026-06-16 23:45:40,909 - INFO - ======================================================================
2026-06-16 23:45:40,909 - INFO - PROCESO COMPLETADO
2026-06-16 23:45:40,917 - INFO - ======================================================================
