2026-05-28 10:22:22,333 - INFO - ======================================================================
2026-05-28 10:22:22,333 - INFO - INICIO RECOLECCIÓN ARIF SPATIAL
2026-05-28 10:22:22,333 - INFO - ======================================================================
2026-05-28 10:22:22,333 - INFO - Iniciando navegador Playwright para capturar clave...
2026-05-28 10:22:22,934 - INFO - Navegando a la página del mapa...
2026-05-28 10:22:26,077 - INFO - Respuesta HTTP recibida: 200
2026-05-28 10:22:26,086 - INFO - Título de la página cargada: 'Mappa Stazioni Meteo | Agrometeopuglia - ARIF PUGLIA'
2026-05-28 10:22:27,363 - INFO - [DEBUG] Captura guardada en: logs/debug_github.png
2026-05-28 10:22:27,363 - INFO - [DEBUG] Código HTML guardado en: logs/debug_github.html
2026-05-28 10:22:27,363 - INFO - Esperando que aparezcan los marcadores en el mapa...
2026-05-28 10:22:27,388 - INFO - Marcadores detectados. Realizando clic en el primer elemento...
2026-05-28 10:22:30,427 - INFO - Haciendo clic en el enlace 'Dettagli' del popup...
2026-05-28 10:22:35,478 - INFO - API Key activa establecida para descargas directas: ef7ac29ab10f5d7...
2026-05-28 10:22:35,478 - INFO - Descargando tair_hourly               (API: T)...
2026-05-28 10:22:36,494 - INFO -   ✓ 258 registros obtenidos
2026-05-28 10:22:36,996 - INFO - Descargando rh_hourly                 (API: H)...
2026-05-28 10:22:37,641 - INFO -   ✓ 256 registros obtenidos
2026-05-28 10:22:38,143 - INFO - Descargando precip_10min_interval     (API: P)...
2026-05-28 10:22:39,776 - INFO -   ✓ 1783 registros obtenidos
2026-05-28 10:22:40,283 - INFO - Descargando precip_today_accum        (API: PC)...
2026-05-28 10:22:42,323 - INFO -   ✓ 79 registros obtenidos
2026-05-28 10:22:42,824 - INFO - Descargando rs_hourly                 (API: R)...
2026-05-28 10:22:43,280 - INFO -   ✓ 155 registros obtenidos
2026-05-28 10:22:43,782 - INFO - Descargando wind_speed                (API: W)...
2026-05-28 10:22:46,507 - INFO -   ✓ 2900 registros obtenidos
2026-05-28 10:22:47,019 - INFO - Descargando wdir_hourly               (API: WDV)...
2026-05-28 10:22:48,692 - INFO -   ✓ 49 registros obtenidos
2026-05-28 10:22:49,198 - INFO - Nuevos registros obtenidos en esta corrida: 5480
2026-05-28 10:22:49,259 - INFO - Registros previos cargados: 34654
2026-05-28 10:22:49,259 - INFO - Total registros únicos consolidados: 40134
2026-05-28 10:22:49,440 - INFO - ======================================================================
2026-05-28 10:22:49,440 - INFO - RECOLECCIÓN COMPLETADA CON ÉXITO
2026-05-28 10:22:49,443 - INFO - ======================================================================
