2026-06-17 07:37:28,430 - INFO - ======================================================================
2026-06-17 07:37:28,430 - INFO - INICIO RECOLECCIÓN DIARIA INCREMENTAL (ARIF)
2026-06-17 07:37:28,430 - INFO - ======================================================================
2026-06-17 07:37:28,440 - INFO - Iniciando navegador Playwright para capturar clave...
2026-06-17 07:37:30,752 - INFO - Navegando a la página del mapa...
2026-06-17 07:37:34,130 - INFO - Respuesta HTTP recibida: 200
2026-06-17 07:37:34,135 - INFO - Título de la página cargada: 'Mappa Stazioni Meteo | Agrometeopuglia - ARIF PUGLIA'
2026-06-17 07:37:35,031 - INFO - [DEBUG] Captura guardada en: logs/debug_github.png
2026-06-17 07:37:35,031 - INFO - [DEBUG] Código HTML guardado en: logs/debug_github.html
2026-06-17 07:37:35,031 - INFO - Esperando que aparezcan los marcadores en el mapa...
2026-06-17 07:37:35,057 - INFO - Marcadores detectados. Realizando clic en el primer elemento...
2026-06-17 07:37:38,095 - INFO - Haciendo clic en el enlace 'Dettagli' del popup...
2026-06-17 07:37:43,157 - INFO - API Key activa establecida para descargas directas: ef7ac29ab10f5d7...
2026-06-17 07:37:43,158 - INFO - Descargando variable diaria: tair_min_daily       (API: TDL)...
2026-06-17 07:37:43,863 - INFO -   ✓ 63 registros obtenidos
2026-06-17 07:37:44,364 - INFO - Descargando variable diaria: tair_mean_daily      (API: TDA)...
2026-06-17 07:37:44,814 - INFO -   ✓ 63 registros obtenidos
2026-06-17 07:37:45,315 - INFO - Descargando variable diaria: tair_max_daily       (API: TDH)...
2026-06-17 07:37:45,688 - INFO -   ✓ 63 registros obtenidos
2026-06-17 07:37:46,189 - INFO - Descargando variable diaria: rh_min_daily         (API: HDL)...
2026-06-17 07:37:46,630 - INFO -   ✓ 63 registros obtenidos
2026-06-17 07:37:47,132 - INFO - Descargando variable diaria: rh_mean_daily        (API: HDA)...
2026-06-17 07:37:47,512 - INFO -   ✓ 63 registros obtenidos
2026-06-17 07:37:48,013 - INFO - Descargando variable diaria: rh_max_daily         (API: HDH)...
2026-06-17 07:37:48,383 - INFO -   ✓ 64 registros obtenidos
2026-06-17 07:37:48,884 - INFO - Descargando variable diaria: precip_sum_daily     (API: P)...
2026-06-17 07:37:49,266 - INFO -   ✓ 64 registros obtenidos
2026-06-17 07:37:49,768 - INFO - Descargando variable diaria: rs_sum_daily         (API: R)...
2026-06-17 07:37:50,018 - INFO -   ✓ 46 registros obtenidos
2026-06-17 07:37:50,519 - INFO - Descargando variable diaria: ws_mean_daily        (API: WDA)...
2026-06-17 07:37:50,929 - INFO -   ✓ 111 registros obtenidos
2026-06-17 07:37:51,431 - INFO - Descargando variable diaria: ws_max_daily         (API: WDH)...
2026-06-17 07:37:51,831 - INFO -   ✓ 110 registros obtenidos
2026-06-17 07:37:52,334 - INFO - Nuevos registros válidos obtenidos de ayer: 710
2026-06-17 07:37:52,339 - INFO - Registros previos cargados: 853
2026-06-17 07:37:52,339 - INFO - Total registros únicos consolidados: 1373
2026-06-17 07:37:52,349 - INFO - ======================================================================
2026-06-17 07:37:52,349 - INFO - RECOLECCIÓN DIARIA FINALIZADA CON ÉXITO
2026-06-17 07:37:52,349 - INFO - ======================================================================
