2026-06-25 04:20:16,104 - INFO - ======================================================================
2026-06-25 04:20:16,104 - INFO - INICIO RECOLECCIÓN ARIF SPATIAL
2026-06-25 04:20:16,105 - INFO - ======================================================================
2026-06-25 04:20:16,105 - INFO - Iniciando navegador Playwright para capturar clave dinámica...
2026-06-25 04:20:16,744 - INFO - Navegando a la página del mapa...
2026-06-25 04:20:30,700 - INFO - Marcadores detectados (85). Clic en el primer elemento...
2026-06-25 04:20:33,731 - INFO - Haciendo clic en el enlace 'Dettagli' del popup...
2026-06-25 04:20:38,794 - INFO - API Key obtenida: ef7ac29ab10f5d7...
2026-06-25 04:20:38,794 - INFO - Descargando tair_hourly               (API: T)...
2026-06-25 04:20:39,982 - INFO -   ✓ 187 registros obtenidos
2026-06-25 04:20:40,484 - INFO - Descargando rh_hourly                 (API: H)...
2026-06-25 04:20:41,240 - INFO -   ✓ 187 registros obtenidos
2026-06-25 04:20:41,741 - INFO - Descargando precip_10min_interval     (API: P)...
2026-06-25 04:20:43,967 - INFO -   ✓ 1332 registros obtenidos
2026-06-25 04:20:44,473 - INFO - Descargando precip_today_accum        (API: PC)...
2026-06-25 04:20:46,080 - INFO -   ✓ 78 registros obtenidos
2026-06-25 04:20:46,581 - INFO - Descargando rs_hourly                 (API: R)...
2026-06-25 04:20:47,161 - INFO -   ✓ 134 registros obtenidos
2026-06-25 04:20:47,662 - INFO - Descargando wind_speed                (API: W)...
2026-06-25 04:20:50,930 - INFO -   ✓ 2355 registros obtenidos
2026-06-25 04:20:51,440 - INFO - Descargando wdir_hourly               (API: WDV)...
2026-06-25 04:20:54,540 - INFO -   ✓ 48 registros obtenidos
2026-06-25 04:20:55,046 - INFO - Registros nuevos obtenidos: 4321
2026-06-25 04:20:55,529 - INFO - Historial cargado. Uniendo y deduplicando...
2026-06-25 04:20:56,953 - INFO - ======================================================================
2026-06-25 04:20:56,953 - INFO - PROCESO COMPLETADO
2026-06-25 04:20:56,973 - INFO - ======================================================================
2026-06-25 08:30:07,073 - INFO - ======================================================================
2026-06-25 08:30:07,073 - INFO - INICIO RECOLECCIÓN ARIF SPATIAL
2026-06-25 08:30:07,073 - INFO - ======================================================================
2026-06-25 08:30:07,073 - INFO - Iniciando navegador Playwright para capturar clave dinámica...
2026-06-25 08:30:07,621 - INFO - Navegando a la página del mapa...
2026-06-25 08:30:22,043 - INFO - Marcadores detectados (85). Clic en el primer elemento...
2026-06-25 08:30:25,085 - INFO - Haciendo clic en el enlace 'Dettagli' del popup...
2026-06-25 08:30:30,151 - INFO - API Key obtenida: ef7ac29ab10f5d7...
2026-06-25 08:30:30,151 - INFO - Descargando tair_hourly               (API: T)...
2026-06-25 08:30:31,296 - INFO -   ✓ 192 registros obtenidos
2026-06-25 08:30:31,797 - INFO - Descargando rh_hourly                 (API: H)...
2026-06-25 08:30:32,501 - INFO -   ✓ 193 registros obtenidos
2026-06-25 08:30:33,003 - INFO - Descargando precip_10min_interval     (API: P)...
2026-06-25 08:30:35,186 - INFO -   ✓ 1184 registros obtenidos
2026-06-25 08:30:35,691 - INFO - Descargando precip_today_accum        (API: PC)...
2026-06-25 08:30:38,827 - INFO -   ✓ 78 registros obtenidos
2026-06-25 08:30:39,329 - INFO - Descargando rs_hourly                 (API: R)...
2026-06-25 08:30:39,903 - INFO -   ✓ 96 registros obtenidos
2026-06-25 08:30:40,405 - INFO - Descargando wind_speed                (API: W)...
2026-06-25 08:30:43,883 - INFO -   ✓ 1857 registros obtenidos
2026-06-25 08:30:44,391 - INFO - Descargando wdir_hourly               (API: WDV)...
2026-06-25 08:30:46,525 - INFO -   ✓ 48 registros obtenidos
2026-06-25 08:30:47,030 - INFO - Registros nuevos obtenidos: 3648
2026-06-25 08:30:47,519 - INFO - Historial cargado. Uniendo y deduplicando...
2026-06-25 08:30:48,897 - INFO - ======================================================================
2026-06-25 08:30:48,897 - INFO - PROCESO COMPLETADO
2026-06-25 08:30:48,917 - INFO - ======================================================================
2026-06-25 11:48:11,297 - INFO - ======================================================================
2026-06-25 11:48:11,297 - INFO - INICIO RECOLECCIÓN ARIF SPATIAL
2026-06-25 11:48:11,297 - INFO - ======================================================================
2026-06-25 11:48:11,298 - INFO - Iniciando navegador Playwright para capturar clave dinámica...
2026-06-25 11:48:11,907 - INFO - Navegando a la página del mapa...
2026-06-25 11:48:26,387 - INFO - Marcadores detectados (85). Clic en el primer elemento...
2026-06-25 11:48:29,416 - INFO - Haciendo clic en el enlace 'Dettagli' del popup...
2026-06-25 11:48:34,483 - INFO - API Key obtenida: ef7ac29ab10f5d7...
2026-06-25 11:48:34,484 - INFO - Descargando tair_hourly               (API: T)...
2026-06-25 11:48:35,882 - INFO -   ✓ 299 registros obtenidos
2026-06-25 11:48:36,384 - INFO - Descargando rh_hourly                 (API: H)...
2026-06-25 11:48:37,372 - INFO -   ✓ 299 registros obtenidos
2026-06-25 11:48:37,874 - INFO - Descargando precip_10min_interval     (API: P)...
2026-06-25 11:48:40,807 - INFO -   ✓ 1746 registros obtenidos
2026-06-25 11:48:41,313 - INFO - Descargando precip_today_accum        (API: PC)...
2026-06-25 11:48:46,120 - INFO -   ✓ 79 registros obtenidos
2026-06-25 11:48:46,621 - INFO - Descargando rs_hourly                 (API: R)...
2026-06-25 11:48:47,508 - INFO -   ✓ 191 registros obtenidos
2026-06-25 11:48:48,009 - INFO - Descargando wind_speed                (API: W)...
2026-06-25 11:48:52,101 - INFO -   ✓ 2893 registros obtenidos
2026-06-25 11:48:52,612 - INFO - Descargando wdir_hourly               (API: WDV)...
2026-06-25 11:48:55,820 - INFO -   ✓ 49 registros obtenidos
2026-06-25 11:48:56,327 - INFO - Registros nuevos obtenidos: 5556
2026-06-25 11:48:56,807 - INFO - Historial cargado. Uniendo y deduplicando...
2026-06-25 11:48:58,293 - INFO - ======================================================================
2026-06-25 11:48:58,294 - INFO - PROCESO COMPLETADO
2026-06-25 11:48:58,314 - INFO - ======================================================================
