2026-06-26 00:20:57,249 - INFO - ======================================================================
2026-06-26 00:20:57,250 - INFO - INICIO RECOLECCIÓN ARIF SPATIAL
2026-06-26 00:20:57,250 - INFO - ======================================================================
2026-06-26 00:20:57,250 - INFO - Iniciando navegador Playwright para capturar clave dinámica...
2026-06-26 00:20:57,904 - INFO - Navegando a la página del mapa...
2026-06-26 00:21:17,091 - INFO - Marcadores detectados (85). Clic en el primer elemento...
2026-06-26 00:21:20,124 - INFO - Haciendo clic en el enlace 'Dettagli' del popup...
2026-06-26 00:21:25,189 - INFO - API Key obtenida: ef7ac29ab10f5d7...
2026-06-26 00:21:25,189 - INFO - Descargando tair_hourly               (API: T)...
2026-06-26 00:21:26,404 - INFO -   ✓ 167 registros obtenidos
2026-06-26 00:21:26,906 - INFO - Descargando rh_hourly                 (API: H)...
2026-06-26 00:21:27,823 - INFO -   ✓ 165 registros obtenidos
2026-06-26 00:21:28,324 - INFO - Descargando precip_10min_interval     (API: P)...
2026-06-26 00:21:30,335 - INFO -   ✓ 1110 registros obtenidos
2026-06-26 00:21:30,840 - INFO - Descargando precip_today_accum        (API: PC)...
2026-06-26 00:21:31,238 - WARNING -   Sin datos devueltos en la consulta.
2026-06-26 00:21:31,738 - INFO - Descargando rs_hourly                 (API: R)...
2026-06-26 00:21:32,467 - INFO -   ✓ 139 registros obtenidos
2026-06-26 00:21:32,968 - INFO - Descargando wind_speed                (API: W)...
2026-06-26 00:21:35,940 - INFO -   ✓ 2101 registros obtenidos
2026-06-26 00:21:36,448 - INFO - Descargando wdir_hourly               (API: WDV)...
2026-06-26 00:21:39,710 - INFO -   ✓ 48 registros obtenidos
2026-06-26 00:21:40,216 - INFO - Registros nuevos obtenidos: 3730
2026-06-26 00:21:40,738 - INFO - Historial cargado. Uniendo y deduplicando...
2026-06-26 00:21:42,279 - INFO - ======================================================================
2026-06-26 00:21:42,279 - INFO - PROCESO COMPLETADO
2026-06-26 00:21:42,299 - INFO - ======================================================================
2026-06-26 05:19:36,607 - INFO - ======================================================================
2026-06-26 05:19:36,608 - INFO - INICIO RECOLECCIÓN ARIF SPATIAL
2026-06-26 05:19:36,608 - INFO - ======================================================================
2026-06-26 05:19:36,608 - INFO - Iniciando navegador Playwright para capturar clave dinámica...
2026-06-26 05:19:37,443 - INFO - Navegando a la página del mapa...
2026-06-26 05:19:51,620 - INFO - Marcadores detectados (85). Clic en el primer elemento...
2026-06-26 05:19:54,651 - INFO - Haciendo clic en el enlace 'Dettagli' del popup...
2026-06-26 05:19:59,717 - INFO - API Key obtenida: ef7ac29ab10f5d7...
2026-06-26 05:19:59,717 - INFO - Descargando tair_hourly               (API: T)...
2026-06-26 05:20:00,887 - INFO -   ✓ 232 registros obtenidos
2026-06-26 05:20:01,388 - INFO - Descargando rh_hourly                 (API: H)...
2026-06-26 05:20:02,136 - INFO -   ✓ 233 registros obtenidos
2026-06-26 05:20:02,638 - INFO - Descargando precip_10min_interval     (API: P)...
2026-06-26 05:20:05,023 - INFO -   ✓ 1593 registros obtenidos
2026-06-26 05:20:05,530 - INFO - Descargando precip_today_accum        (API: PC)...
2026-06-26 05:20:07,594 - INFO -   ✓ 79 registros obtenidos
2026-06-26 05:20:08,095 - INFO - Descargando rs_hourly                 (API: R)...
2026-06-26 05:20:08,676 - INFO -   ✓ 135 registros obtenidos
2026-06-26 05:20:09,178 - INFO - Descargando wind_speed                (API: W)...
2026-06-26 05:20:12,796 - INFO -   ✓ 2609 registros obtenidos
2026-06-26 05:20:13,308 - INFO - Descargando wdir_hourly               (API: WDV)...
2026-06-26 05:20:16,181 - INFO -   ✓ 48 registros obtenidos
2026-06-26 05:20:16,687 - INFO - Registros nuevos obtenidos: 4929
2026-06-26 05:20:17,190 - INFO - Historial cargado. Uniendo y deduplicando...
2026-06-26 05:20:18,785 - INFO - ======================================================================
2026-06-26 05:20:18,785 - INFO - PROCESO COMPLETADO
2026-06-26 05:20:18,806 - INFO - ======================================================================
2026-06-26 09:48:58,534 - INFO - ======================================================================
2026-06-26 09:48:58,534 - INFO - INICIO RECOLECCIÓN ARIF SPATIAL
2026-06-26 09:48:58,534 - INFO - ======================================================================
2026-06-26 09:48:58,534 - INFO - Iniciando navegador Playwright para capturar clave dinámica...
2026-06-26 09:48:59,091 - INFO - Navegando a la página del mapa...
2026-06-26 09:49:13,506 - INFO - Marcadores detectados (85). Clic en el primer elemento...
2026-06-26 09:49:16,538 - INFO - Haciendo clic en el enlace 'Dettagli' del popup...
2026-06-26 09:49:21,595 - INFO - API Key obtenida: ef7ac29ab10f5d7...
2026-06-26 09:49:21,595 - INFO - Descargando tair_hourly               (API: T)...
2026-06-26 09:49:22,675 - INFO -   ✓ 284 registros obtenidos
2026-06-26 09:49:23,177 - INFO - Descargando rh_hourly                 (API: H)...
2026-06-26 09:49:24,021 - INFO -   ✓ 281 registros obtenidos
2026-06-26 09:49:24,523 - INFO - Descargando precip_10min_interval     (API: P)...
2026-06-26 09:49:27,034 - INFO -   ✓ 1590 registros obtenidos
2026-06-26 09:49:27,541 - INFO - Descargando precip_today_accum        (API: PC)...
2026-06-26 09:49:31,370 - INFO -   ✓ 79 registros obtenidos
2026-06-26 09:49:31,871 - INFO - Descargando rs_hourly                 (API: R)...
2026-06-26 09:49:32,624 - INFO -   ✓ 177 registros obtenidos
2026-06-26 09:49:33,126 - INFO - Descargando wind_speed                (API: W)...
2026-06-26 09:49:36,777 - INFO -   ✓ 2673 registros obtenidos
2026-06-26 09:49:37,288 - INFO - Descargando wdir_hourly               (API: WDV)...
2026-06-26 09:49:40,341 - INFO -   ✓ 49 registros obtenidos
2026-06-26 09:49:40,848 - INFO - Registros nuevos obtenidos: 5133
2026-06-26 09:49:41,391 - INFO - Historial cargado. Uniendo y deduplicando...
2026-06-26 09:49:42,996 - INFO - ======================================================================
2026-06-26 09:49:42,996 - INFO - PROCESO COMPLETADO
2026-06-26 09:49:43,016 - INFO - ======================================================================
2026-06-26 12:23:32,857 - INFO - ======================================================================
2026-06-26 12:23:32,857 - INFO - INICIO RECOLECCIÓN ARIF SPATIAL
2026-06-26 12:23:32,857 - INFO - ======================================================================
2026-06-26 12:23:32,857 - INFO - Iniciando navegador Playwright para capturar clave dinámica...
2026-06-26 12:23:35,367 - INFO - Navegando a la página del mapa...
2026-06-26 12:23:50,519 - INFO - Marcadores detectados (85). Clic en el primer elemento...
2026-06-26 12:23:53,552 - INFO - Haciendo clic en el enlace 'Dettagli' del popup...
2026-06-26 12:23:58,606 - INFO - API Key obtenida: ef7ac29ab10f5d7...
2026-06-26 12:23:58,606 - INFO - Descargando tair_hourly               (API: T)...
2026-06-26 12:24:00,125 - INFO -   ✓ 269 registros obtenidos
2026-06-26 12:24:00,627 - INFO - Descargando rh_hourly                 (API: H)...
2026-06-26 12:24:01,493 - INFO -   ✓ 267 registros obtenidos
2026-06-26 12:24:01,995 - INFO - Descargando precip_10min_interval     (API: P)...
2026-06-26 12:24:04,732 - INFO -   ✓ 1717 registros obtenidos
2026-06-26 12:24:05,239 - INFO - Descargando precip_today_accum        (API: PC)...
2026-06-26 12:24:10,077 - INFO -   ✓ 79 registros obtenidos
2026-06-26 12:24:10,578 - INFO - Descargando rs_hourly                 (API: R)...
2026-06-26 12:24:11,390 - INFO -   ✓ 173 registros obtenidos
2026-06-26 12:24:11,892 - INFO - Descargando wind_speed                (API: W)...
2026-06-26 12:24:15,660 - INFO -   ✓ 2894 registros obtenidos
2026-06-26 12:24:16,171 - INFO - Descargando wdir_hourly               (API: WDV)...
2026-06-26 12:24:19,500 - INFO -   ✓ 49 registros obtenidos
2026-06-26 12:24:20,007 - INFO - Registros nuevos obtenidos: 5448
2026-06-26 12:24:20,582 - INFO - Historial cargado. Uniendo y deduplicando...
2026-06-26 12:24:22,143 - INFO - ======================================================================
2026-06-26 12:24:22,143 - INFO - PROCESO COMPLETADO
2026-06-26 12:24:22,161 - INFO - ======================================================================
2026-06-26 15:30:04,231 - INFO - ======================================================================
2026-06-26 15:30:04,231 - INFO - INICIO RECOLECCIÓN ARIF SPATIAL
2026-06-26 15:30:04,231 - INFO - ======================================================================
2026-06-26 15:30:04,231 - INFO - Iniciando navegador Playwright para capturar clave dinámica...
2026-06-26 15:30:05,868 - INFO - Navegando a la página del mapa...
2026-06-26 15:30:20,660 - INFO - Marcadores detectados (85). Clic en el primer elemento...
2026-06-26 15:30:23,691 - INFO - Haciendo clic en el enlace 'Dettagli' del popup...
2026-06-26 15:30:28,755 - INFO - API Key obtenida: ef7ac29ab10f5d7...
2026-06-26 15:30:28,755 - INFO - Descargando tair_hourly               (API: T)...
2026-06-26 15:30:29,795 - INFO -   ✓ 124 registros obtenidos
2026-06-26 15:30:30,296 - INFO - Descargando rh_hourly                 (API: H)...
2026-06-26 15:30:30,968 - INFO -   ✓ 124 registros obtenidos
2026-06-26 15:30:31,469 - INFO - Descargando precip_10min_interval     (API: P)...
2026-06-26 15:30:33,497 - INFO -   ✓ 861 registros obtenidos
2026-06-26 15:30:34,001 - INFO - Descargando precip_today_accum        (API: PC)...
2026-06-26 15:30:39,513 - INFO -   ✓ 79 registros obtenidos
2026-06-26 15:30:40,014 - INFO - Descargando rs_hourly                 (API: R)...
2026-06-26 15:30:40,642 - INFO -   ✓ 57 registros obtenidos
2026-06-26 15:30:41,144 - INFO - Descargando wind_speed                (API: W)...
2026-06-26 15:30:43,389 - INFO -   ✓ 1312 registros obtenidos
2026-06-26 15:30:43,894 - INFO - Descargando wdir_hourly               (API: WDV)...
2026-06-26 15:30:45,372 - INFO -   ✓ 49 registros obtenidos
2026-06-26 15:30:45,876 - INFO - Registros nuevos obtenidos: 2606
2026-06-26 15:30:46,487 - INFO - Historial cargado. Uniendo y deduplicando...
2026-06-26 15:30:48,066 - INFO - ======================================================================
2026-06-26 15:30:48,066 - INFO - PROCESO COMPLETADO
2026-06-26 15:30:48,087 - INFO - ======================================================================
2026-06-26 18:01:33,083 - INFO - ======================================================================
2026-06-26 18:01:33,083 - INFO - INICIO RECOLECCIÓN ARIF SPATIAL
2026-06-26 18:01:33,083 - INFO - ======================================================================
2026-06-26 18:01:33,083 - INFO - Iniciando navegador Playwright para capturar clave dinámica...
2026-06-26 18:01:33,639 - INFO - Navegando a la página del mapa...
2026-06-26 18:01:47,092 - INFO - Marcadores detectados (85). Clic en el primer elemento...
2026-06-26 18:01:50,121 - INFO - Haciendo clic en el enlace 'Dettagli' del popup...
2026-06-26 18:01:55,184 - INFO - API Key obtenida: ef7ac29ab10f5d7...
2026-06-26 18:01:55,184 - INFO - Descargando tair_hourly               (API: T)...
2026-06-26 18:01:56,497 - INFO -   ✓ 269 registros obtenidos
2026-06-26 18:01:56,999 - INFO - Descargando rh_hourly                 (API: H)...
2026-06-26 18:01:57,849 - INFO -   ✓ 270 registros obtenidos
2026-06-26 18:01:58,351 - INFO - Descargando precip_10min_interval     (API: P)...
2026-06-26 18:02:00,799 - INFO -   ✓ 1479 registros obtenidos
2026-06-26 18:02:01,305 - INFO - Descargando precip_today_accum        (API: PC)...
2026-06-26 18:02:08,456 - INFO -   ✓ 79 registros obtenidos
2026-06-26 18:02:08,957 - INFO - Descargando rs_hourly                 (API: R)...
2026-06-26 18:02:09,566 - INFO -   ✓ 147 registros obtenidos
2026-06-26 18:02:10,068 - INFO - Descargando wind_speed                (API: W)...
2026-06-26 18:02:13,405 - INFO -   ✓ 2386 registros obtenidos
2026-06-26 18:02:13,915 - INFO - Descargando wdir_hourly               (API: WDV)...
2026-06-26 18:02:16,547 - INFO -   ✓ 48 registros obtenidos
2026-06-26 18:02:17,053 - INFO - Registros nuevos obtenidos: 4678
2026-06-26 18:02:17,694 - INFO - Historial cargado. Uniendo y deduplicando...
2026-06-26 18:02:19,324 - INFO - ======================================================================
2026-06-26 18:02:19,324 - INFO - PROCESO COMPLETADO
2026-06-26 18:02:19,347 - INFO - ======================================================================
2026-06-26 20:05:31,553 - INFO - ======================================================================
2026-06-26 20:05:31,553 - INFO - INICIO RECOLECCIÓN ARIF SPATIAL
2026-06-26 20:05:31,553 - INFO - ======================================================================
2026-06-26 20:05:31,553 - INFO - Iniciando navegador Playwright para capturar clave dinámica...
2026-06-26 20:05:32,132 - INFO - Navegando a la página del mapa...
2026-06-26 20:05:47,626 - INFO - Marcadores detectados (85). Clic en el primer elemento...
2026-06-26 20:05:50,657 - INFO - Haciendo clic en el enlace 'Dettagli' del popup...
2026-06-26 20:05:55,716 - INFO - API Key obtenida: ef7ac29ab10f5d7...
2026-06-26 20:05:55,717 - INFO - Descargando tair_hourly               (API: T)...
2026-06-26 20:05:57,292 - INFO -   ✓ 312 registros obtenidos
2026-06-26 20:05:57,794 - INFO - Descargando rh_hourly                 (API: H)...
2026-06-26 20:05:58,808 - INFO -   ✓ 312 registros obtenidos
2026-06-26 20:05:59,310 - INFO - Descargando precip_10min_interval     (API: P)...
2026-06-26 20:06:02,416 - INFO -   ✓ 1667 registros obtenidos
2026-06-26 20:06:02,923 - INFO - Descargando precip_today_accum        (API: PC)...
2026-06-26 20:06:10,874 - INFO -   ✓ 79 registros obtenidos
2026-06-26 20:06:11,375 - INFO - Descargando rs_hourly                 (API: R)...
2026-06-26 20:06:12,287 - INFO -   ✓ 187 registros obtenidos
2026-06-26 20:06:12,788 - INFO - Descargando wind_speed                (API: W)...
2026-06-26 20:06:16,708 - INFO -   ✓ 2731 registros obtenidos
2026-06-26 20:06:17,218 - INFO - Descargando wdir_hourly               (API: WDV)...
2026-06-26 20:06:20,367 - INFO -   ✓ 48 registros obtenidos
2026-06-26 20:06:20,873 - INFO - Registros nuevos obtenidos: 5336
2026-06-26 20:06:21,455 - INFO - Historial cargado. Uniendo y deduplicando...
2026-06-26 20:06:23,089 - INFO - ======================================================================
2026-06-26 20:06:23,089 - INFO - PROCESO COMPLETADO
2026-06-26 20:06:23,111 - INFO - ======================================================================
2026-06-26 21:39:42,543 - INFO - ======================================================================
2026-06-26 21:39:42,544 - INFO - INICIO RECOLECCIÓN ARIF SPATIAL
2026-06-26 21:39:42,544 - INFO - ======================================================================
2026-06-26 21:39:42,544 - INFO - Iniciando navegador Playwright para capturar clave dinámica...
2026-06-26 21:39:43,090 - INFO - Navegando a la página del mapa...
2026-06-26 21:39:58,661 - INFO - Marcadores detectados (85). Clic en el primer elemento...
2026-06-26 21:40:01,693 - INFO - Haciendo clic en el enlace 'Dettagli' del popup...
2026-06-26 21:40:06,753 - INFO - API Key obtenida: ef7ac29ab10f5d7...
2026-06-26 21:40:06,753 - INFO - Descargando tair_hourly               (API: T)...
2026-06-26 21:40:08,128 - INFO -   ✓ 163 registros obtenidos
2026-06-26 21:40:08,629 - INFO - Descargando rh_hourly                 (API: H)...
2026-06-26 21:40:09,561 - INFO -   ✓ 163 registros obtenidos
2026-06-26 21:40:10,062 - INFO - Descargando precip_10min_interval     (API: P)...
2026-06-26 21:40:12,151 - INFO -   ✓ 1045 registros obtenidos
2026-06-26 21:40:12,656 - INFO - Descargando precip_today_accum        (API: PC)...
2026-06-26 21:40:25,591 - INFO -   ✓ 79 registros obtenidos
2026-06-26 21:40:26,092 - INFO - Descargando rs_hourly                 (API: R)...
2026-06-26 21:40:26,716 - INFO -   ✓ 97 registros obtenidos
2026-06-26 21:40:27,217 - INFO - Descargando wind_speed                (API: W)...
2026-06-26 21:40:30,170 - INFO -   ✓ 1691 registros obtenidos
2026-06-26 21:40:30,677 - INFO - Descargando wdir_hourly               (API: WDV)...
2026-06-26 21:40:32,645 - INFO -   ✓ 48 registros obtenidos
2026-06-26 21:40:33,150 - INFO - Registros nuevos obtenidos: 3286
2026-06-26 21:40:33,733 - INFO - Historial cargado. Uniendo y deduplicando...
2026-06-26 21:40:35,415 - INFO - ======================================================================
2026-06-26 21:40:35,415 - INFO - PROCESO COMPLETADO
2026-06-26 21:40:35,436 - INFO - ======================================================================
2026-06-26 23:19:31,209 - INFO - ======================================================================
2026-06-26 23:19:31,209 - INFO - INICIO RECOLECCIÓN ARIF SPATIAL
2026-06-26 23:19:31,209 - INFO - ======================================================================
2026-06-26 23:19:31,209 - INFO - Iniciando navegador Playwright para capturar clave dinámica...
2026-06-26 23:19:31,777 - INFO - Navegando a la página del mapa...
2026-06-26 23:19:51,846 - INFO - Marcadores detectados (85). Clic en el primer elemento...
2026-06-26 23:19:54,878 - INFO - Haciendo clic en el enlace 'Dettagli' del popup...
2026-06-26 23:19:59,937 - INFO - API Key obtenida: ef7ac29ab10f5d7...
2026-06-26 23:19:59,937 - INFO - Descargando tair_hourly               (API: T)...
2026-06-26 23:20:01,822 - INFO -   ✓ 192 registros obtenidos
2026-06-26 23:20:02,323 - INFO - Descargando rh_hourly                 (API: H)...
2026-06-26 23:20:03,500 - INFO -   ✓ 188 registros obtenidos
2026-06-26 23:20:04,002 - INFO - Descargando precip_10min_interval     (API: P)...
2026-06-26 23:20:06,646 - INFO -   ✓ 1347 registros obtenidos
2026-06-26 23:20:07,152 - INFO - Descargando precip_today_accum        (API: PC)...
2026-06-26 23:20:07,657 - WARNING -   Sin datos devueltos en la consulta.
2026-06-26 23:20:08,158 - INFO - Descargando rs_hourly                 (API: R)...
2026-06-26 23:20:09,016 - INFO -   ✓ 132 registros obtenidos
2026-06-26 23:20:09,517 - INFO - Descargando wind_speed                (API: W)...
2026-06-26 23:20:13,136 - INFO -   ✓ 2309 registros obtenidos
2026-06-26 23:20:13,646 - INFO - Descargando wdir_hourly               (API: WDV)...
2026-06-26 23:20:16,927 - INFO -   ✓ 47 registros obtenidos
2026-06-26 23:20:17,433 - INFO - Registros nuevos obtenidos: 4215
2026-06-26 23:20:18,019 - INFO - Historial cargado. Uniendo y deduplicando...
2026-06-26 23:20:19,662 - INFO - ======================================================================
2026-06-26 23:20:19,662 - INFO - PROCESO COMPLETADO
2026-06-26 23:20:19,684 - INFO - ======================================================================
