2026-06-17 05:07:30,079 - INFO - ======================================================================
2026-06-17 05:07:30,079 - INFO - INICIO RECOLECCIÓN ARIF SPATIAL
2026-06-17 05:07:30,079 - INFO - ======================================================================
2026-06-17 05:07:30,079 - INFO - Iniciando navegador Playwright para capturar clave dinámica...
2026-06-17 05:07:31,673 - INFO - Navegando a la página del mapa...
2026-06-17 05:07:45,655 - INFO - Marcadores detectados (85). Clic en el primer elemento...
2026-06-17 05:07:48,687 - INFO - Haciendo clic en el enlace 'Dettagli' del popup...
2026-06-17 05:07:53,751 - INFO - API Key obtenida: ef7ac29ab10f5d7...
2026-06-17 05:07:53,751 - INFO - Descargando tair_hourly               (API: T)...
2026-06-17 05:07:54,792 - INFO -   ✓ 264 registros obtenidos
2026-06-17 05:07:55,294 - INFO - Descargando rh_hourly                 (API: H)...
2026-06-17 05:07:55,896 - INFO -   ✓ 265 registros obtenidos
2026-06-17 05:07:56,398 - INFO - Descargando precip_10min_interval     (API: P)...
2026-06-17 05:07:57,770 - INFO -   ✓ 1372 registros obtenidos
2026-06-17 05:07:58,276 - INFO - Descargando precip_today_accum        (API: PC)...
2026-06-17 05:07:59,303 - INFO -   ✓ 80 registros obtenidos
2026-06-17 05:07:59,804 - INFO - Descargando rs_hourly                 (API: R)...
2026-06-17 05:08:00,216 - INFO -   ✓ 136 registros obtenidos
2026-06-17 05:08:00,718 - INFO - Descargando wind_speed                (API: W)...
2026-06-17 05:08:02,453 - INFO -   ✓ 2144 registros obtenidos
2026-06-17 05:08:02,963 - INFO - Descargando wdir_hourly               (API: WDV)...
2026-06-17 05:08:04,042 - INFO -   ✓ 49 registros obtenidos
2026-06-17 05:08:04,549 - INFO - Registros nuevos obtenidos: 4310
2026-06-17 05:08:04,776 - INFO - Historial cargado. Uniendo y deduplicando...
2026-06-17 05:08:05,344 - INFO - ======================================================================
2026-06-17 05:08:05,344 - INFO - PROCESO COMPLETADO
2026-06-17 05:08:05,352 - INFO - ======================================================================
