2026-06-19 01:51:05,401 - INFO - ======================================================================
2026-06-19 01:51:05,401 - INFO - INICIO RECOLECCIÓN ARIF SPATIAL
2026-06-19 01:51:05,401 - INFO - ======================================================================
2026-06-19 01:51:05,401 - INFO - Iniciando navegador Playwright para capturar clave dinámica...
2026-06-19 01:51:06,922 - INFO - Navegando a la página del mapa...
2026-06-19 01:51:26,706 - INFO - Marcadores detectados (85). Clic en el primer elemento...
2026-06-19 01:51:29,738 - INFO - Haciendo clic en el enlace 'Dettagli' del popup...
2026-06-19 01:51:34,795 - INFO - API Key obtenida: ef7ac29ab10f5d7...
2026-06-19 01:51:34,795 - INFO - Descargando tair_hourly               (API: T)...
2026-06-19 01:51:36,755 - INFO -   ✓ 276 registros obtenidos
2026-06-19 01:51:37,256 - INFO - Descargando rh_hourly                 (API: H)...
2026-06-19 01:51:38,405 - INFO -   ✓ 277 registros obtenidos
2026-06-19 01:51:38,907 - INFO - Descargando precip_10min_interval     (API: P)...
2026-06-19 01:51:41,328 - INFO -   ✓ 1490 registros obtenidos
2026-06-19 01:51:41,834 - INFO - Descargando precip_today_accum        (API: PC)...
2026-06-19 01:51:42,582 - INFO -   ✓ 76 registros obtenidos
2026-06-19 01:51:43,084 - INFO - Descargando rs_hourly                 (API: R)...
2026-06-19 01:51:43,829 - INFO -   ✓ 140 registros obtenidos
2026-06-19 01:51:44,331 - INFO - Descargando wind_speed                (API: W)...
2026-06-19 01:51:47,442 - INFO -   ✓ 2320 registros obtenidos
2026-06-19 01:51:47,952 - INFO - Descargando wdir_hourly               (API: WDV)...
2026-06-19 01:51:49,428 - INFO -   ✓ 48 registros obtenidos
2026-06-19 01:51:49,934 - INFO - Registros nuevos obtenidos: 4627
2026-06-19 01:51:50,199 - INFO - Historial cargado. Uniendo y deduplicando...
2026-06-19 01:51:50,984 - INFO - ======================================================================
2026-06-19 01:51:50,984 - INFO - PROCESO COMPLETADO
2026-06-19 01:51:50,994 - INFO - ======================================================================
