2026-06-23 06:33:43,801 - INFO - ======================================================================
2026-06-23 06:33:43,801 - INFO - INICIO RECOLECCIÓN DIARIA INCREMENTAL (ARIF)
2026-06-23 06:33:43,801 - INFO - ======================================================================
2026-06-23 06:33:43,811 - INFO - Iniciando navegador Playwright para capturar clave...
2026-06-23 06:33:44,869 - INFO - Navegando a la página del mapa...
2026-06-23 06:33:48,617 - INFO - Respuesta HTTP recibida: 200
2026-06-23 06:33:48,623 - INFO - Título de la página cargada: 'Mappa Stazioni Meteo | Agrometeopuglia - ARIF PUGLIA'
2026-06-23 06:33:49,248 - INFO - [DEBUG] Captura guardada en: logs/debug_github.png
2026-06-23 06:33:49,248 - INFO - [DEBUG] Código HTML guardado en: logs/debug_github.html
2026-06-23 06:33:49,249 - INFO - Esperando que aparezcan los marcadores en el mapa...
2026-06-23 06:33:49,274 - INFO - Marcadores detectados. Realizando clic en el primer elemento...
2026-06-23 06:33:52,309 - INFO - Haciendo clic en el enlace 'Dettagli' del popup...
2026-06-23 06:33:57,367 - INFO - API Key activa establecida para descargas directas: ef7ac29ab10f5d7...
2026-06-23 06:33:57,368 - INFO - Descargando variable diaria: tair_min_daily       (API: TDL)...
2026-06-23 06:33:58,040 - WARNING -   Vacío
2026-06-23 06:33:58,541 - INFO - Descargando variable diaria: tair_mean_daily      (API: TDA)...
2026-06-23 06:33:58,899 - WARNING -   Vacío
2026-06-23 06:33:59,400 - INFO - Descargando variable diaria: tair_max_daily       (API: TDH)...
2026-06-23 06:33:59,722 - WARNING -   Vacío
2026-06-23 06:34:00,223 - INFO - Descargando variable diaria: rh_min_daily         (API: HDL)...
2026-06-23 06:34:00,583 - WARNING -   Vacío
2026-06-23 06:34:01,084 - INFO - Descargando variable diaria: rh_mean_daily        (API: HDA)...
2026-06-23 06:34:01,419 - WARNING -   Vacío
2026-06-23 06:34:01,920 - INFO - Descargando variable diaria: rh_max_daily         (API: HDH)...
2026-06-23 06:34:02,266 - WARNING -   Vacío
2026-06-23 06:34:02,767 - INFO - Descargando variable diaria: precip_sum_daily     (API: P)...
2026-06-23 06:34:03,097 - WARNING -   Vacío
2026-06-23 06:34:03,598 - INFO - Descargando variable diaria: rs_sum_daily         (API: R)...
2026-06-23 06:34:03,929 - INFO -   ✓ 1 registros obtenidos
2026-06-23 06:34:04,430 - INFO - Descargando variable diaria: ws_mean_daily        (API: WDA)...
2026-06-23 06:34:04,783 - INFO -   ✓ 2 registros obtenidos
2026-06-23 06:34:05,284 - INFO - Descargando variable diaria: ws_max_daily         (API: WDH)...
2026-06-23 06:34:05,580 - INFO -   ✓ 2 registros obtenidos
2026-06-23 06:34:06,082 - INFO - Nuevos registros válidos obtenidos de ayer: 5
2026-06-23 06:34:06,088 - INFO - Registros previos cargados: 1373
2026-06-23 06:34:06,088 - INFO - Total registros únicos consolidados: 1376
2026-06-23 06:34:06,098 - INFO - ======================================================================
2026-06-23 06:34:06,098 - INFO - RECOLECCIÓN DIARIA FINALIZADA CON ÉXITO
2026-06-23 06:34:06,098 - INFO - ======================================================================
