2026-05-29 08:50:08,443 - INFO - ======================================================================
2026-05-29 08:50:08,444 - INFO - INICIO RECOLECCIÓN ARIF SPATIAL
2026-05-29 08:50:08,444 - INFO - ======================================================================
2026-05-29 08:50:08,444 - INFO - Iniciando navegador Playwright para capturar clave...
2026-05-29 08:50:09,019 - INFO - Navegando a la página del mapa...
2026-05-29 08:50:12,324 - INFO - Respuesta HTTP recibida: 200
2026-05-29 08:50:12,329 - INFO - Título de la página cargada: 'Mappa Stazioni Meteo | Agrometeopuglia - ARIF PUGLIA'
2026-05-29 08:50:12,950 - INFO - [DEBUG] Captura guardada en: logs/debug_github.png
2026-05-29 08:50:12,950 - INFO - [DEBUG] Código HTML guardado en: logs/debug_github.html
2026-05-29 08:50:12,950 - INFO - Esperando que aparezcan los marcadores en el mapa...
2026-05-29 08:50:12,975 - INFO - Marcadores detectados. Realizando clic en el primer elemento...
2026-05-29 08:50:16,014 - INFO - Haciendo clic en el enlace 'Dettagli' del popup...
2026-05-29 08:50:21,078 - INFO - API Key activa establecida para descargas directas: ef7ac29ab10f5d7...
2026-05-29 08:50:21,079 - INFO - Descargando tair_hourly               (API: T)...
2026-05-29 08:50:21,959 - INFO -   ✓ 258 registros obtenidos
2026-05-29 08:50:22,461 - INFO - Descargando rh_hourly                 (API: H)...
2026-05-29 08:50:23,027 - INFO -   ✓ 254 registros obtenidos
2026-05-29 08:50:23,530 - INFO - Descargando precip_10min_interval     (API: P)...
2026-05-29 08:50:24,852 - INFO -   ✓ 1452 registros obtenidos
2026-05-29 08:50:25,358 - INFO - Descargando precip_today_accum        (API: PC)...
2026-05-29 08:50:26,847 - INFO -   ✓ 79 registros obtenidos
2026-05-29 08:50:27,348 - INFO - Descargando rs_hourly                 (API: R)...
2026-05-29 08:50:27,738 - INFO -   ✓ 142 registros obtenidos
2026-05-29 08:50:28,240 - INFO - Descargando wind_speed                (API: W)...
2026-05-29 08:50:29,968 - INFO -   ✓ 2271 registros obtenidos
2026-05-29 08:50:30,478 - INFO - Descargando wdir_hourly               (API: WDV)...
2026-05-29 08:50:31,606 - INFO -   ✓ 49 registros obtenidos
2026-05-29 08:50:32,112 - INFO - Nuevos registros obtenidos en esta corrida: 4505
2026-05-29 08:50:32,186 - INFO - Registros previos cargados: 40134
2026-05-29 08:50:32,186 - INFO - Total registros únicos consolidados: 44639
2026-05-29 08:50:32,394 - INFO - ======================================================================
2026-05-29 08:50:32,394 - INFO - RECOLECCIÓN COMPLETADA CON ÉXITO
2026-05-29 08:50:32,397 - INFO - ======================================================================
