2026-06-24 00:07:27,624 - INFO - ======================================================================
2026-06-24 00:07:27,624 - INFO - INICIO RECOLECCIÓN ARIF SPATIAL
2026-06-24 00:07:27,624 - INFO - ======================================================================
2026-06-24 00:07:27,624 - INFO - Iniciando navegador Playwright para capturar clave dinámica...
2026-06-24 00:07:29,431 - INFO - Navegando a la página del mapa...
2026-06-24 00:07:44,159 - INFO - Marcadores detectados (85). Clic en el primer elemento...
2026-06-24 00:07:47,189 - INFO - Haciendo clic en el enlace 'Dettagli' del popup...
2026-06-24 00:07:52,250 - INFO - API Key obtenida: ef7ac29ab10f5d7...
2026-06-24 00:07:52,250 - INFO - Descargando tair_hourly               (API: T)...
2026-06-24 00:07:54,186 - INFO -   ✓ 256 registros obtenidos
2026-06-24 00:07:54,688 - INFO - Descargando rh_hourly                 (API: H)...
2026-06-24 00:07:55,624 - INFO -   ✓ 255 registros obtenidos
2026-06-24 00:07:56,126 - INFO - Descargando precip_10min_interval     (API: P)...
2026-06-24 00:07:59,167 - INFO -   ✓ 1274 registros obtenidos
2026-06-24 00:07:59,672 - INFO - Descargando precip_today_accum        (API: PC)...
2026-06-24 00:08:00,192 - WARNING -   Sin datos devueltos en la consulta.
2026-06-24 00:08:00,693 - INFO - Descargando rs_hourly                 (API: R)...
2026-06-24 00:08:01,539 - INFO -   ✓ 166 registros obtenidos
2026-06-24 00:08:02,040 - INFO - Descargando wind_speed                (API: W)...
2026-06-24 00:08:06,029 - INFO -   ✓ 2227 registros obtenidos
2026-06-24 00:08:06,538 - INFO - Descargando wdir_hourly               (API: WDV)...
2026-06-24 00:08:09,435 - INFO -   ✓ 48 registros obtenidos
2026-06-24 00:08:09,941 - INFO - Registros nuevos obtenidos: 4226
2026-06-24 00:08:10,400 - INFO - Historial cargado. Uniendo y deduplicando...
2026-06-24 00:08:11,743 - INFO - ======================================================================
2026-06-24 00:08:11,743 - INFO - PROCESO COMPLETADO
2026-06-24 00:08:11,760 - INFO - ======================================================================
2026-06-24 05:09:37,752 - INFO - ======================================================================
2026-06-24 05:09:37,752 - INFO - INICIO RECOLECCIÓN ARIF SPATIAL
2026-06-24 05:09:37,752 - INFO - ======================================================================
2026-06-24 05:09:37,753 - INFO - Iniciando navegador Playwright para capturar clave dinámica...
2026-06-24 05:09:38,353 - INFO - Navegando a la página del mapa...
2026-06-24 05:09:53,674 - INFO - Marcadores detectados (85). Clic en el primer elemento...
2026-06-24 05:09:56,705 - INFO - Haciendo clic en el enlace 'Dettagli' del popup...
2026-06-24 05:10:01,763 - INFO - API Key obtenida: ef7ac29ab10f5d7...
2026-06-24 05:10:01,763 - INFO - Descargando tair_hourly               (API: T)...
2026-06-24 05:10:03,316 - INFO -   ✓ 306 registros obtenidos
2026-06-24 05:10:03,818 - INFO - Descargando rh_hourly                 (API: H)...
2026-06-24 05:10:04,947 - INFO -   ✓ 306 registros obtenidos
2026-06-24 05:10:05,449 - INFO - Descargando precip_10min_interval     (API: P)...
2026-06-24 05:10:08,405 - INFO -   ✓ 1623 registros obtenidos
2026-06-24 05:10:08,911 - INFO - Descargando precip_today_accum        (API: PC)...
2026-06-24 05:10:11,319 - INFO -   ✓ 79 registros obtenidos
2026-06-24 05:10:11,820 - INFO - Descargando rs_hourly                 (API: R)...
2026-06-24 05:10:12,830 - INFO -   ✓ 183 registros obtenidos
2026-06-24 05:10:13,332 - INFO - Descargando wind_speed                (API: W)...
2026-06-24 05:10:18,136 - INFO -   ✓ 2693 registros obtenidos
2026-06-24 05:10:18,647 - INFO - Descargando wdir_hourly               (API: WDV)...
2026-06-24 05:10:22,916 - INFO -   ✓ 49 registros obtenidos
2026-06-24 05:10:23,422 - INFO - Registros nuevos obtenidos: 5239
2026-06-24 05:10:23,872 - INFO - Historial cargado. Uniendo y deduplicando...
2026-06-24 05:10:25,246 - INFO - ======================================================================
2026-06-24 05:10:25,246 - INFO - PROCESO COMPLETADO
2026-06-24 05:10:25,265 - INFO - ======================================================================
