2026-06-05 19:05:05,437 - INFO - ======================================================================
2026-06-05 19:05:05,437 - INFO - INICIO RECOLECCIÓN ARIF SPATIAL
2026-06-05 19:05:05,437 - INFO - ======================================================================
2026-06-05 19:05:05,437 - INFO - Iniciando navegador Playwright para capturar clave...
2026-06-05 19:05:06,049 - INFO - Navegando a la página del mapa...
2026-06-05 19:05:09,431 - INFO - Respuesta HTTP recibida: 200
2026-06-05 19:05:09,440 - INFO - Título de la página cargada: 'Mappa Stazioni Meteo | Agrometeopuglia - ARIF PUGLIA'
2026-06-05 19:05:10,232 - INFO - [DEBUG] Captura guardada en: logs/debug_github.png
2026-06-05 19:05:10,232 - INFO - [DEBUG] Código HTML guardado en: logs/debug_github.html
2026-06-05 19:05:10,232 - INFO - Esperando que aparezcan los marcadores en el mapa...
2026-06-05 19:05:10,257 - INFO - Marcadores detectados. Realizando clic en el primer elemento...
2026-06-05 19:05:13,297 - INFO - Haciendo clic en el enlace 'Dettagli' del popup...
2026-06-05 19:05:18,351 - INFO - API Key activa establecida para descargas directas: ef7ac29ab10f5d7...
2026-06-05 19:05:18,351 - INFO - Descargando tair_hourly               (API: T)...
2026-06-05 19:05:19,222 - INFO -   ✓ 257 registros obtenidos
2026-06-05 19:05:19,723 - INFO - Descargando rh_hourly                 (API: H)...
2026-06-05 19:05:20,284 - INFO -   ✓ 253 registros obtenidos
2026-06-05 19:05:20,786 - INFO - Descargando precip_10min_interval     (API: P)...
2026-06-05 19:05:22,056 - INFO -   ✓ 1324 registros obtenidos
2026-06-05 19:05:22,562 - INFO - Descargando precip_today_accum        (API: PC)...
2026-06-05 19:05:25,660 - INFO -   ✓ 79 registros obtenidos
2026-06-05 19:05:26,162 - INFO - Descargando rs_hourly                 (API: R)...
2026-06-05 19:05:26,564 - INFO -   ✓ 145 registros obtenidos
2026-06-05 19:05:27,065 - INFO - Descargando wind_speed                (API: W)...
2026-06-05 19:05:28,667 - INFO -   ✓ 2162 registros obtenidos
2026-06-05 19:05:29,175 - INFO - Descargando wdir_hourly               (API: WDV)...
2026-06-05 19:05:30,301 - INFO -   ✓ 49 registros obtenidos
2026-06-05 19:05:30,807 - INFO - Nuevos registros obtenidos en esta corrida: 4269
2026-06-05 19:05:30,921 - INFO - Registros previos cargados: 65313
2026-06-05 19:05:30,922 - INFO - Total registros únicos consolidados: 69582
2026-06-05 19:05:31,232 - INFO - ======================================================================
2026-06-05 19:05:31,232 - INFO - RECOLECCIÓN COMPLETADA CON ÉXITO
2026-06-05 19:05:31,236 - INFO - ======================================================================
